Archive member included to satisfy reference by file (symbol)

C:/ST/STM32CubeIDE_1.16.1/STM32CubeIDE/plugins/com.st.stm32cube.ide.mcu.externaltools.gnu-tools-for-stm32.14.3.rel1.win32_1.0.100.202602081740/tools/bin/../lib/gcc/arm-none-eabi/14.3.1/../../../../arm-none-eabi/lib/thumb/v7e-m+fp/hard\libc_nano.a(libc_a-exit.o)
                              C:/ST/STM32CubeIDE_1.16.1/STM32CubeIDE/plugins/com.st.stm32cube.ide.mcu.externaltools.gnu-tools-for-stm32.14.3.rel1.win32_1.0.100.202602081740/tools/bin/../lib/gcc/arm-none-eabi/14.3.1/../../../../arm-none-eabi/lib/thumb/v7e-m+fp/hard/crt0.o (exit)
C:/ST/STM32CubeIDE_1.16.1/STM32CubeIDE/plugins/com.st.stm32cube.ide.mcu.externaltools.gnu-tools-for-stm32.14.3.rel1.win32_1.0.100.202602081740/tools/bin/../lib/gcc/arm-none-eabi/14.3.1/../../../../arm-none-eabi/lib/thumb/v7e-m+fp/hard\libc_nano.a(libc_a-nano-vfprintf_float.o)
                              (_printf_float)
C:/ST/STM32CubeIDE_1.16.1/STM32CubeIDE/plugins/com.st.stm32cube.ide.mcu.externaltools.gnu-tools-for-stm32.14.3.rel1.win32_1.0.100.202602081740/tools/bin/../lib/gcc/arm-none-eabi/14.3.1/../../../../arm-none-eabi/lib/thumb/v7e-m+fp/hard\libc_nano.a(libc_a-nano-vfprintf_i.o)
                              C:/ST/STM32CubeIDE_1.16.1/STM32CubeIDE/plugins/com.st.stm32cube.ide.mcu.externaltools.gnu-tools-for-stm32.14.3.rel1.win32_1.0.100.202602081740/tools/bin/../lib/gcc/arm-none-eabi/14.3.1/../../../../arm-none-eabi/lib/thumb/v7e-m+fp/hard\libc_nano.a(libc_a-nano-vfprintf_float.o) (_printf_common)
C:/ST/STM32CubeIDE_1.16.1/STM32CubeIDE/plugins/com.st.stm32cube.ide.mcu.externaltools.gnu-tools-for-stm32.14.3.rel1.win32_1.0.100.202602081740/tools/bin/../lib/gcc/arm-none-eabi/14.3.1/../../../../arm-none-eabi/lib/thumb/v7e-m+fp/hard\libc_nano.a(libc_a-findfp.o)
                              ./Middlewares/Third_Party/FreeRTOS/Source/tasks.o (__sf)
C:/ST/STM32CubeIDE_1.16.1/STM32CubeIDE/plugins/com.st.stm32cube.ide.mcu.externaltools.gnu-tools-for-stm32.14.3.rel1.win32_1.0.100.202602081740/tools/bin/../lib/gcc/arm-none-eabi/14.3.1/../../../../arm-none-eabi/lib/thumb/v7e-m+fp/hard\libc_nano.a(libc_a-fwalk.o)
                              C:/ST/STM32CubeIDE_1.16.1/STM32CubeIDE/plugins/com.st.stm32cube.ide.mcu.externaltools.gnu-tools-for-stm32.14.3.rel1.win32_1.0.100.202602081740/tools/bin/../lib/gcc/arm-none-eabi/14.3.1/../../../../arm-none-eabi/lib/thumb/v7e-m+fp/hard\libc_nano.a(libc_a-findfp.o) (_fwalk_sglue)
C:/ST/STM32CubeIDE_1.16.1/STM32CubeIDE/plugins/com.st.stm32cube.ide.mcu.externaltools.gnu-tools-for-stm32.14.3.rel1.win32_1.0.100.202602081740/tools/bin/../lib/gcc/arm-none-eabi/14.3.1/../../../../arm-none-eabi/lib/thumb/v7e-m+fp/hard\libc_nano.a(libc_a-stdio.o)
                              C:/ST/STM32CubeIDE_1.16.1/STM32CubeIDE/plugins/com.st.stm32cube.ide.mcu.externaltools.gnu-tools-for-stm32.14.3.rel1.win32_1.0.100.202602081740/tools/bin/../lib/gcc/arm-none-eabi/14.3.1/../../../../arm-none-eabi/lib/thumb/v7e-m+fp/hard\libc_nano.a(libc_a-findfp.o) (__sread)
C:/ST/STM32CubeIDE_1.16.1/STM32CubeIDE/plugins/com.st.stm32cube.ide.mcu.externaltools.gnu-tools-for-stm32.14.3.rel1.win32_1.0.100.202602081740/tools/bin/../lib/gcc/arm-none-eabi/14.3.1/../../../../arm-none-eabi/lib/thumb/v7e-m+fp/hard\libc_nano.a(libc_a-memmove.o)
                              ./Core/Src/Crypto.o (memmove)
C:/ST/STM32CubeIDE_1.16.1/STM32CubeIDE/plugins/com.st.stm32cube.ide.mcu.externaltools.gnu-tools-for-stm32.14.3.rel1.win32_1.0.100.202602081740/tools/bin/../lib/gcc/arm-none-eabi/14.3.1/../../../../arm-none-eabi/lib/thumb/v7e-m+fp/hard\libc_nano.a(libc_a-memset.o)
                              C:/ST/STM32CubeIDE_1.16.1/STM32CubeIDE/plugins/com.st.stm32cube.ide.mcu.externaltools.gnu-tools-for-stm32.14.3.rel1.win32_1.0.100.202602081740/tools/bin/../lib/gcc/arm-none-eabi/14.3.1/../../../../arm-none-eabi/lib/thumb/v7e-m+fp/hard/crt0.o (memset)
C:/ST/STM32CubeIDE_1.16.1/STM32CubeIDE/plugins/com.st.stm32cube.ide.mcu.externaltools.gnu-tools-for-stm32.14.3.rel1.win32_1.0.100.202602081740/tools/bin/../lib/gcc/arm-none-eabi/14.3.1/../../../../arm-none-eabi/lib/thumb/v7e-m+fp/hard\libc_nano.a(libc_a-localeconv.o)
                              C:/ST/STM32CubeIDE_1.16.1/STM32CubeIDE/plugins/com.st.stm32cube.ide.mcu.externaltools.gnu-tools-for-stm32.14.3.rel1.win32_1.0.100.202602081740/tools/bin/../lib/gcc/arm-none-eabi/14.3.1/../../../../arm-none-eabi/lib/thumb/v7e-m+fp/hard\libc_nano.a(libc_a-nano-vfprintf_float.o) (_localeconv_r)
C:/ST/STM32CubeIDE_1.16.1/STM32CubeIDE/plugins/com.st.stm32cube.ide.mcu.externaltools.gnu-tools-for-stm32.14.3.rel1.win32_1.0.100.202602081740/tools/bin/../lib/gcc/arm-none-eabi/14.3.1/../../../../arm-none-eabi/lib/thumb/v7e-m+fp/hard\libc_nano.a(libc_a-closer.o)
[...]
Memory Configuration

Name             Origin             Length             Attributes
RAM              0x20000000         0x00020000         xrw
FLASH            0x08000000         0x00080000         xr
*default*        0x00000000         0xffffffff

Linker script and memory map

LOAD C:/ST/STM32CubeIDE_1.16.1/STM32CubeIDE/plugins/com.st.stm32cube.ide.mcu.externaltools.gnu-tools-for-stm32.14.3.rel1.win32_1.0.100.202602081740/tools/bin/../lib/gcc/arm-none-eabi/14.3.1/thumb/v7e-m+fp/hard/crti.o
LOAD C:/ST/STM32CubeIDE_1.16.1/STM32CubeIDE/plugins/com.st.stm32cube.ide.mcu.externaltools.gnu-tools-for-stm32.14.3.rel1.win32_1.0.100.202602081740/tools/bin/../lib/gcc/arm-none-eabi/14.3.1/thumb/v7e-m+fp/hard/crtbegin.o
LOAD C:/ST/STM32CubeIDE_1.16.1/STM32CubeIDE/plugins/com.st.stm32cube.ide.mcu.externaltools.gnu-tools-for-stm32.14.3.rel1.win32_1.0.100.202602081740/tools/bin/../lib/gcc/arm-none-eabi/14.3.1/../../../../arm-none-eabi/lib/thumb/v7e-m+fp/hard/crt0.o
LOAD ./Core/Src/Crypto.o
LOAD ./Core/Src/DeviceKeys.o
LOAD ./Core/Src/SecureProtocol.o
LOAD ./Core/Src/SecureTransport.o
LOAD ./Core/Src/freertos.o
LOAD ./Core/Src/gpio.o
LOAD ./Core/Src/main.o
LOAD ./Core/Src/nRF24L01.o
LOAD ./Core/Src/spi.o
LOAD ./Core/Src/stm32f4xx_hal_msp.o
LOAD ./Core/Src/stm32f4xx_hal_timebase_tim.o
LOAD ./Core/Src/stm32f4xx_it.o
LOAD ./Core/Src/syscalls.o
LOAD ./Core/Src/sysmem.o
LOAD ./Core/Src/system_stm32f4xx.o
LOAD ./Core/Src/tiny_aes.o
LOAD ./Core/Startup/startup_stm32f411ceux.o
LOAD ./Drivers/STM32F4xx_HAL_Driver/Src/stm32f4xx_hal.o
LOAD ./Drivers/STM32F4xx_HAL_Driver/Src/stm32f4xx_hal_cortex.o
LOAD ./Drivers/STM32F4xx_HAL_Driver/Src/stm32f4xx_hal_dma.o
LOAD ./Drivers/STM32F4xx_HAL_Driver/Src/stm32f4xx_hal_dma_ex.o
LOAD ./Drivers/STM32F4xx_HAL_Driver/Src/stm32f4xx_hal_exti.o
LOAD ./Drivers/STM32F4xx_HAL_Driver/Src/stm32f4xx_hal_flash.o
LOAD ./Drivers/STM32F4xx_HAL_Driver/Src/stm32f4xx_hal_flash_ex.o
LOAD ./Drivers/STM32F4xx_HAL_Driver/Src/stm32f4xx_hal_flash_ramfunc.o
LOAD ./Drivers/STM32F4xx_HAL_Driver/Src/stm32f4xx_hal_gpio.o
LOAD ./Drivers/STM32F4xx_HAL_Driver/Src/stm32f4xx_hal_pcd.o
LOAD ./Drivers/STM32F4xx_HAL_Driver/Src/stm32f4xx_hal_pcd_ex.o
LOAD ./Drivers/STM32F4xx_HAL_Driver/Src/stm32f4xx_hal_pwr.o
LOAD ./Drivers/STM32F4xx_HAL_Driver/Src/stm32f4xx_hal_pwr_ex.o
LOAD ./Drivers/STM32F4xx_HAL_Driver/Src/stm32f4xx_hal_rcc.o
LOAD ./Drivers/STM32F4xx_HAL_Driver/Src/stm32f4xx_hal_rcc_ex.o
LOAD ./Drivers/STM32F4xx_HAL_Driver/Src/stm32f4xx_hal_spi.o
LOAD ./Drivers/STM32F4xx_HAL_Driver/Src/stm32f4xx_hal_tim.o
LOAD ./Drivers/STM32F4xx_HAL_Driver/Src/stm32f4xx_hal_tim_ex.o
LOAD ./Drivers/STM32F4xx_HAL_Driver/Src/stm32f4xx_ll_usb.o
LOAD ./Middlewares/ST/STM32_USB_Device_Library/Class/CDC/Src/usbd_cdc.o
LOAD ./Middlewares/ST/STM32_USB_Device_Library/Core/Src/usbd_core.o
LOAD ./Middlewares/ST/STM32_USB_Device_Library/Core/Src/usbd_ctlreq.o
LOAD ./Middlewares/ST/STM32_USB_Device_Library/Core/Src/usbd_ioreq.o
LOAD ./Middlewares/Third_Party/FreeRTOS/Source/CMSIS_RTOS_V2/cmsis_os2.o
LOAD ./Middlewares/Third_Party/FreeRTOS/Source/croutine.o
LOAD ./Middlewares/Third_Party/FreeRTOS/Source/event_groups.o
LOAD ./Middlewares/Third_Party/FreeRTOS/Source/list.o
LOAD ./Middlewares/Third_Party/FreeRTOS/Source/queue.o
LOAD ./Middlewares/Third_Party/FreeRTOS/Source/stream_buffer.o
LOAD ./Middlewares/Third_Party/FreeRTOS/Source/tasks.o
LOAD ./Middlewares/Third_Party/FreeRTOS/Source/timers.o
LOAD ./Middlewares/Third_Party/FreeRTOS/Source/portable/GCC/ARM_CM4F/port.o
LOAD ./Middlewares/Third_Party/FreeRTOS/Source/portable/MemMang/heap_4.o
LOAD ./USB_DEVICE/App/usb_device.o
LOAD ./USB_DEVICE/App/usbd_cdc_if.o
LOAD ./USB_DEVICE/App/usbd_desc.o
LOAD ./USB_DEVICE/Target/usbd_conf.o
START GROUP
LOAD C:/ST/STM32CubeIDE_1.16.1/STM32CubeIDE/plugins/com.st.stm32cube.ide.mcu.externaltools.gnu-tools-for-stm32.14.3.rel1.win32_1.0.100.202602081740/tools/bin/../lib/gcc/arm-none-eabi/14.3.1/../../../../arm-none-eabi/lib/thumb/v7e-m+fp/hard\libc_nano.a
LOAD C:/ST/STM32CubeIDE_1.16.1/STM32CubeIDE/plugins/com.st.stm32cube.ide.mcu.externaltools.gnu-tools-for-stm32.14.3.rel1.win32_1.0.100.202602081740/tools/bin/../lib/gcc/arm-none-eabi/14.3.1/../../../../arm-none-eabi/lib/thumb/v7e-m+fp/hard\libm.a
END GROUP
START GROUP
LOAD C:/ST/STM32CubeIDE_1.16.1/STM32CubeIDE/plugins/com.st.stm32cube.ide.mcu.externaltools.gnu-tools-for-stm32.14.3.rel1.win32_1.0.100.202602081740/tools/bin/../lib/gcc/arm-none-eabi/14.3.1/thumb/v7e-m+fp/hard\libgcc.a
LOAD C:/ST/STM32CubeIDE_1.16.1/STM32CubeIDE/plugins/com.st.stm32cube.ide.mcu.externaltools.gnu-tools-for-stm32.14.3.rel1.win32_1.0.100.202602081740/tools/bin/../lib/gcc/arm-none-eabi/14.3.1/../../../../arm-none-eabi/lib/thumb/v7e-m+fp/hard\libc_nano.a
END GROUP
START GROUP
LOAD C:/ST/STM32CubeIDE_1.16.1/STM32CubeIDE/plugins/com.st.stm32cube.ide.mcu.externaltools.gnu-tools-for-stm32.14.3.rel1.win32_1.0.100.202602081740/tools/bin/../lib/gcc/arm-none-eabi/14.3.1/thumb/v7e-m+fp/hard\libgcc.a
LOAD C:/ST/STM32CubeIDE_1.16.1/STM32CubeIDE/plugins/com.st.stm32cube.ide.mcu.externaltools.gnu-tools-for-stm32.14.3.rel1.win32_1.0.100.202602081740/tools/bin/../lib/gcc/arm-none-eabi/14.3.1/../../../../arm-none-eabi/lib/thumb/v7e-m+fp/hard\libc_nano.a
LOAD C:/ST/STM32CubeIDE_1.16.1/STM32CubeIDE/plugins/com.st.stm32cube.ide.mcu.externaltools.gnu-tools-for-stm32.14.3.rel1.win32_1.0.100.202602081740/tools/bin/../lib/gcc/arm-none-eabi/14.3.1/../../../../arm-none-eabi/lib/thumb/v7e-m+fp/hard\libnosys.a
END GROUP
START GROUP
LOAD C:/ST/STM32CubeIDE_1.16.1/STM32CubeIDE/plugins/com.st.stm32cube.ide.mcu.externaltools.gnu-tools-for-stm32.14.3.rel1.win32_1.0.100.202602081740/tools/bin/../lib/gcc/arm-none-eabi/14.3.1/thumb/v7e-m+fp/hard\libgcc.a
LOAD C:/ST/STM32CubeIDE_1.16.1/STM32CubeIDE/plugins/com.st.stm32cube.ide.mcu.externaltools.gnu-tools-for-stm32.14.3.rel1.win32_1.0.100.202602081740/tools/bin/../lib/gcc/arm-none-eabi/14.3.1/../../../../arm-none-eabi/lib/thumb/v7e-m+fp/hard\libc_nano.a
LOAD C:/ST/STM32CubeIDE_1.16.1/STM32CubeIDE/plugins/com.st.stm32cube.ide.mcu.externaltools.gnu-tools-for-stm32.14.3.rel1.win32_1.0.100.202602081740/tools/bin/../lib/gcc/arm-none-eabi/14.3.1/../../../../arm-none-eabi/lib/thumb/v7e-m+fp/hard\libnosys.a
END GROUP
LOAD C:/ST/STM32CubeIDE_1.16.1/STM32CubeIDE/plugins/com.st.stm32cube.ide.mcu.externaltools.gnu-tools-for-stm32.14.3.rel1.win32_1.0.100.202602081740/tools/bin/../lib/gcc/arm-none-eabi/14.3.1/thumb/v7e-m+fp/hard/crtend.o
LOAD C:/ST/STM32CubeIDE_1.16.1/STM32CubeIDE/plugins/com.st.stm32cube.ide.mcu.externaltools.gnu-tools-for-stm32.14.3.rel1.win32_1.0.100.202602081740/tools/bin/../lib/gcc/arm-none-eabi/14.3.1/thumb/v7e-m+fp/hard/crtn.o
                0x20020000                        _estack = (ORIGIN (RAM) + LENGTH (RAM))
                0x00000200                        _Min_Heap_Size = 0x200
                0x00000400                        _Min_Stack_Size = 0x400

.isr_vector     0x08000000      0x198
                0x08000000                        . = ALIGN (0x4)
 *(.isr_vector)
 .isr_vector    0x08000000      0x198 ./Core/Startup/startup_stm32f411ceux.o
                0x08000000                g_pfnVectors
                0x08000198                        . = ALIGN (0x4)

.text           0x080001a0    0x117a0
                0x080001a0                        . = ALIGN (0x4)
 *(.text)
 .text          0x080001a0       0x40 C:/ST/STM32CubeIDE_1.16.1/STM32CubeIDE/plugins/com.st.stm32cube.ide.mcu.externaltools.gnu-tools-for-stm32.14.3.rel1.win32_1.0.100.202602081740/tools/bin/../lib/gcc/arm-none-eabi/14.3.1/thumb/v7e-m+fp/hard/crtbegin.o
 .text          0x080001e0       0xa0 C:/ST/STM32CubeIDE_1.16.1/STM32CubeIDE/plugins/com.st.stm32cube.ide.mcu.externaltools.gnu-tools-for-stm32.14.3.rel1.win32_1.0.100.202602081740/tools/bin/../lib/gcc/arm-none-eabi/14.3.1/../../../../arm-none-eabi/lib/thumb/v7e-m+fp/hard\libc_nano.a(libc_a-memchr.o)
                0x080001e0                memchr
 .text          0x08000280       0x10 C:/ST/STM32CubeIDE_1.16.1/STM32CubeIDE/plugins/com.st.stm32cube.ide.mcu.externaltools.gnu-tools-for-stm32.14.3.rel1.win32_1.0.100.202602081740/tools/bin/../lib/gcc/arm-none-eabi/14.3.1/../../../../arm-none-eabi/lib/thumb/v7e-m+fp/hard\libc_nano.a(libc_a-strlen.o)
                0x08000280                strlen
 .text          0x08000290      0x378 C:/ST/STM32CubeIDE_1.16.1/STM32CubeIDE/plugins/com.st.stm32cube.ide.mcu.externaltools.gnu-tools-for-stm32.14.3.rel1.win32_1.0.100.202602081740/tools/bin/../lib/gcc/arm-none-eabi/14.3.1/thumb/v7e-m+fp/hard\libgcc.a(_arm_addsubdf3.o)
                0x08000290                __aeabi_drsub
                0x08000298                __aeabi_dsub
                0x08000298                __subdf3
                0x0800029c                __aeabi_dadd
                0x0800029c                __adddf3
                0x08000514                __floatunsidf
                0x08000514                __aeabi_ui2d
                0x08000534                __floatsidf
                0x08000534                __aeabi_i2d
                0x08000558                __aeabi_f2d
                0x08000558                __extendsfdf2
                0x0800059c                __floatundidf
                0x0800059c                __aeabi_ul2d
                0x080005ac                __floatdidf
                0x080005ac                __aeabi_l2d
 .text          0x08000608      0x424 C:/ST/STM32CubeIDE_1.16.1/STM32CubeIDE/plugins/com.st.stm32cube.ide.mcu.externaltools.gnu-tools-for-stm32.14.3.rel1.win32_1.0.100.202602081740/tools/bin/../lib/gcc/arm-none-eabi/14.3.1/thumb/v7e-m+fp/hard\libgcc.a(_arm_muldivdf3.o)
                0x08000608                __aeabi_dmul
                0x08000608                __muldf3
                0x0800085c                __divdf3
                0x0800085c                __aeabi_ddiv
 .text          0x08000a2c      0x110 C:/ST/STM32CubeIDE_1.16.1/STM32CubeIDE/plugins/com.st.stm32cube.ide.mcu.externaltools.gnu-tools-for-stm32.14.3.rel1.win32_1.0.100.202602081740/tools/bin/../lib/gcc/arm-none-eabi/14.3.1/thumb/v7e-m+fp/hard\libgcc.a(_arm_cmpdf2.o)
                0x08000a2c                __gtdf2
                0x08000a2c                __gedf2
                0x08000a34                __ltdf2
                0x08000a34                __ledf2
                0x08000a3c                __nedf2
                0x08000a3c                __eqdf2
                0x08000a3c                __cmpdf2
                0x08000ab8                __aeabi_cdrcmple
                0x08000ac8                __aeabi_cdcmpeq
                0x08000ac8                __aeabi_cdcmple
                0x08000ad8                __aeabi_dcmpeq
                0x08000aec                __aeabi_dcmplt
                0x08000b00                __aeabi_dcmple
                0x08000b14                __aeabi_dcmpge
                0x08000b28                __aeabi_dcmpgt
 .text          0x08000b3c       0x2c C:/ST/STM32CubeIDE_1.16.1/STM32CubeIDE/plugins/com.st.stm32cube.ide.mcu.externaltools.gnu-tools-for-stm32.14.3.rel1.win32_1.0.100.202602081740/tools/bin/../lib/gcc/arm-none-eabi/14.3.1/thumb/v7e-m+fp/hard\libgcc.a(_arm_unorddf2.o)
                0x08000b3c                __unorddf2
                0x08000b3c                __aeabi_dcmpun
 .text          0x08000b68       0x50 C:/ST/STM32CubeIDE_1.16.1/STM32CubeIDE/plugins/com.st.stm32cube.ide.mcu.externaltools.gnu-tools-for-stm32.14.3.rel1.win32_1.0.100.202602081740/tools/bin/../lib/gcc/arm-none-eabi/14.3.1/thumb/v7e-m+fp/hard\libgcc.a(_arm_fixdfsi.o)
                0x08000b68                __aeabi_d2iz
                0x08000b68                __fixdfsi
 .text          0x08000bb8       0x30 C:/ST/STM32CubeIDE_1.16.1/STM32CubeIDE/plugins/com.st.stm32cube.ide.mcu.externaltools.gnu-tools-for-stm32.14.3.rel1.win32_1.0.100.202602081740/tools/bin/../lib/gcc/arm-none-eabi/14.3.1/thumb/v7e-m+fp/hard\libgcc.a(_aeabi_uldivmod.o)
                0x08000bb8                __aeabi_uldivmod
 .text          0x08000be8      0x2f8 C:/ST/STM32CubeIDE_1.16.1/STM32CubeIDE/plugins/com.st.stm32cube.ide.mcu.externaltools.gnu-tools-for-stm32.14.3.rel1.win32_1.0.100.202602081740/tools/bin/../lib/gcc/arm-none-eabi/14.3.1/thumb/v7e-m+fp/hard\libgcc.a(_udivmoddi4.o)
                0x08000be8                __udivmoddi4
 .text          0x08000ee0        0x4 C:/ST/STM32CubeIDE_1.16.1/STM32CubeIDE/plugins/com.st.stm32cube.ide.mcu.externaltools.gnu-tools-for-stm32.14.3.rel1.win32_1.0.100.202602081740/tools/bin/../lib/gcc/arm-none-eabi/14.3.1/thumb/v7e-m+fp/hard\libgcc.a(_dvmd_tls.o)
                0x08000ee0                __aeabi_idiv0
                0x08000ee0                __aeabi_ldiv0
 *(.text*)
 .text.left_shift_block
                0x08000ee4       0x5e ./Core/Src/Crypto.o
 .text.xor_block
                0x08000f42       0x48 ./Core/Src/Crypto.o
 .text.generate_cmac_subkeys
                0x08000f8a       0x8c ./Core/Src/Crypto.o
 .text.ctr_xcrypt
                0x08001016       0x7a ./Core/Src/Crypto.o
 .text.AES_CTR_Encrypt
                0x08001090       0x28 ./Core/Src/Crypto.o
                0x08001090                AES_CTR_Encrypt
 .text.AES_CTR_Decrypt
                0x080010b8       0x28 ./Core/Src/Crypto.o
                0x080010b8                AES_CTR_Decrypt
 .text.Crypto_CalculateCmac
                0x080010e0      0x2f2 ./Core/Src/Crypto.o
                0x080010e0                Crypto_CalculateCmac
 .text.Crypto_CalculateAuthTag
                0x080013d2       0x52 ./Core/Src/Crypto.o
                0x080013d2                Crypto_CalculateAuthTag
 .text.Crypto_VerifyAuthTag
                0x08001424       0x82 ./Core/Src/Crypto.o
                0x08001424                Crypto_VerifyAuthTag
 *fill*         0x080014a6        0x2 
 .text.DeviceKeys_GetMasterKey
                0x080014a8       0x64 ./Core/Src/DeviceKeys.o
                0x080014a8                DeviceKeys_GetMasterKey
 .text.DeviceKeys_DeriveConnectionKey
                0x0800150c       0x84 ./Core/Src/DeviceKeys.o
                0x0800150c                DeviceKeys_DeriveConnectionKey
 .text.put_u32_be
                0x08001590       0x42 ./Core/Src/SecureProtocol.o
 .text.get_u32_be
                0x080015d2       0x36 ./Core/Src/SecureProtocol.o
 .text.find_peer
                0x08001608       0x6c ./Core/Src/SecureProtocol.o
 .text.derive_directional_keys
                0x08001674       0x64 ./Core/Src/SecureProtocol.o
 .text.SecureProtocol_Init
                0x080016d8       0x5c ./Core/Src/SecureProtocol.o
                0x080016d8                SecureProtocol_Init
 .text.SecureProtocol_AddPeer
                0x08001734       0xaa ./Core/Src/SecureProtocol.o
                0x08001734                SecureProtocol_AddPeer
 .text.SecureProtocol_BuildNonce
                0x080017de       0x72 ./Core/Src/SecureProtocol.o
                0x080017de                SecureProtocol_BuildNonce
 .text.SecureProtocol_SerializeFrame
                0x08001850       0xe0 ./Core/Src/SecureProtocol.o
                0x08001850                SecureProtocol_SerializeFrame
 .text.SecureProtocol_DeserializeFrame
                0x08001930       0xea ./Core/Src/SecureProtocol.o
                0x08001930                SecureProtocol_DeserializeFrame
 .text.SecureProtocol_CreateFrame
                0x08001a1a      0x1cc ./Core/Src/SecureProtocol.o
                0x08001a1a                SecureProtocol_CreateFrame
 .text.SecureProtocol_ProcessFrame
                0x08001be6      0x21a ./Core/Src/SecureProtocol.o
                0x08001be6                SecureProtocol_ProcessFrame
 .text.SecureProtocol_GenerateSessionId
                0x08001e00       0xd6 ./Core/Src/SecureProtocol.o
                0x08001e00                SecureProtocol_GenerateSessionId
 .text.SecureProtocol_GetSessionGeneration
                0x08001ed6       0x18 ./Core/Src/SecureProtocol.o
                0x08001ed6                SecureProtocol_GetSessionGeneration
 *fill*         0x08001eee        0x2 
 .text.SecureProtocol_StatusToString
                0x08001ef0       0xd4 ./Core/Src/SecureProtocol.o
                0x08001ef0                SecureProtocol_StatusToString
 .text.allocate_message_id
                0x08001fc4       0x3e ./Core/Src/SecureTransport.o
 .text.find_reassembly
                0x08002002       0xa4 ./Core/Src/SecureTransport.o
 .text.initialize_reassembly
                0x080020a6       0x4c ./Core/Src/SecureTransport.o
 .text.SecureTransport_Init
                0x080020f2       0x42 ./Core/Src/SecureTransport.o
                0x080020f2                SecureTransport_Init
 .text.SecureTransport_BeginMessage
                0x08002134       0xe4 ./Core/Src/SecureTransport.o
                0x08002134                SecureTransport_BeginMessage
 .text.SecureTransport_CreateNextFrame
                0x08002218      0x184 ./Core/Src/SecureTransport.o
                0x08002218                SecureTransport_CreateNextFrame
 .text.SecureTransport_ProcessFrame
                0x0800239c      0x3a8 ./Core/Src/SecureTransport.o
                0x0800239c                SecureTransport_ProcessFrame
 .text.SecureTransport_GetLastProtocolStatus
                0x08002744       0x22 ./Core/Src/SecureTransport.o
                0x08002744                SecureTransport_GetLastProtocolStatus
 *fill*         0x08002766        0x2 
 .text.SecureTransport_StatusToString
                0x08002768       0x98 ./Core/Src/SecureTransport.o
                0x08002768                SecureTransport_StatusToString
 .text.MX_FREERTOS_Init
                0x08002800       0xa8 ./Core/Src/freertos.o
                0x08002800                MX_FREERTOS_Init
 .text.StartDefaultTask
                0x080028a8       0x20 ./Core/Src/freertos.o
                0x080028a8                StartDefaultTask
 .text.StartCommunicationTask
                0x080028c8       0x60 ./Core/Src/freertos.o
                0x080028c8                StartCommunicationTask
 .text.StartReadSensorsTask
                0x08002928       0x9c ./Core/Src/freertos.o
                0x08002928                StartReadSensorsTask
 .text.Device1Communication_Init
                0x080029c4      0x180 ./Core/Src/freertos.o
 .text.Communication_RecordProtocolError
                0x08002b44       0x60 ./Core/Src/freertos.o
 .text.Communication_RestoreRx
                0x08002ba4       0x64 ./Core/Src/freertos.o
 .text.Communication_TransmitMessage
                0x08002c08      0x25c ./Core/Src/freertos.o
 .text.Communication_PollRx
                0x08002e64      0x178 ./Core/Src/freertos.o
 .text.Debug    0x08002fdc       0x2a ./Core/Src/freertos.o
                0x08002fdc                Debug
 *fill*         0x08003006        0x2 
 .text.SendToUSB
                0x08003008       0xdc ./Core/Src/freertos.o
                0x08003008                SendToUSB
 .text.MX_GPIO_Init
                0x080030e4       0xd0 ./Core/Src/gpio.o
                0x080030e4                MX_GPIO_Init
 .text.main     0x080031b4       0x24 ./Core/Src/main.o
                0x080031b4                main
 .text.SystemClock_Config
                0x080031d8       0xd0 ./Core/Src/main.o
                0x080031d8                SystemClock_Config
 .text.HAL_TIM_PeriodElapsedCallback
                0x080032a8       0x24 ./Core/Src/main.o
                0x080032a8                HAL_TIM_PeriodElapsedCallback
 .text.Error_Handler
                0x080032cc        0xc ./Core/Src/main.o
                0x080032cc                Error_Handler
 .text.set_ce   0x080032d8       0x24 ./Core/Src/nRF24L01.o
 .text.set_csn  0x080032fc       0x24 ./Core/Src/nRF24L01.o
 .text.spi_exchange
                0x08003320       0x42 ./Core/Src/nRF24L01.o
 .text.execute_command
                0x08003362       0xa4 ./Core/Src/nRF24L01.o
 .text.NRF24_ReadRegister
                0x08003406       0x42 ./Core/Src/nRF24L01.o
                0x08003406                NRF24_ReadRegister
 .text.NRF24_WriteRegister
                0x08003448       0x44 ./Core/Src/nRF24L01.o
                0x08003448                NRF24_WriteRegister
 .text.NRF24_WriteBuffer
                0x0800348c       0x54 ./Core/Src/nRF24L01.o
                0x0800348c                NRF24_WriteBuffer
 .text.NRF24_FlushTx
                0x080034e0       0x30 ./Core/Src/nRF24L01.o
                0x080034e0                NRF24_FlushTx
 .text.NRF24_FlushRx
                0x08003510       0x30 ./Core/Src/nRF24L01.o
                0x08003510                NRF24_FlushRx
 .text.NRF24_ClearIrqFlags
                0x08003540       0x1c ./Core/Src/nRF24L01.o
                0x08003540                NRF24_ClearIrqFlags
 .text.NRF24_SetChannel
                0x0800355c       0x42 ./Core/Src/nRF24L01.o
                0x0800355c                NRF24_SetChannel
 .text.NRF24_SetAddressWidth
                0x0800359e       0x4c ./Core/Src/nRF24L01.o
                0x0800359e                NRF24_SetAddressWidth
 .text.NRF24_SetPower
                0x080035ea       0x62 ./Core/Src/nRF24L01.o
                0x080035ea                NRF24_SetPower
 .text.NRF24_SetDataRate
                0x0800364c       0x7a ./Core/Src/nRF24L01.o
                0x0800364c                NRF24_SetDataRate
 .text.NRF24_SetTxAddress
                0x080036c6       0x32 ./Core/Src/nRF24L01.o
                0x080036c6                NRF24_SetTxAddress
 .text.NRF24_SetRxAddress
                0x080036f8       0x5c ./Core/Src/nRF24L01.o
                0x080036f8                NRF24_SetRxAddress
 .text.enable_dynamic_payload
                0x08003754       0xba ./Core/Src/nRF24L01.o
 .text.NRF24_Init
                0x0800380e      0x1f8 ./Core/Src/nRF24L01.o
                0x0800380e                NRF24_Init
 .text.NRF24_StartListening
                0x08003a06       0x86 ./Core/Src/nRF24L01.o
                0x08003a06                NRF24_StartListening
 .text.NRF24_StopListening
                0x08003a8c       0x6c ./Core/Src/nRF24L01.o
                0x08003a8c                NRF24_StopListening
 .text.NRF24_DataAvailable
                0x08003af8       0x6e ./Core/Src/nRF24L01.o
                0x08003af8                NRF24_DataAvailable
 .text.NRF24_Send
                0x08003b66      0x12e ./Core/Src/nRF24L01.o
                0x08003b66                NRF24_Send
 .text.NRF24_Receive
                0x08003c94       0xe6 ./Core/Src/nRF24L01.o
                0x08003c94                NRF24_Receive
 *fill*         0x08003d7a        0x2 
 .text.NRF24_StatusToString
                0x08003d7c       0x74 ./Core/Src/nRF24L01.o
                0x08003d7c                NRF24_StatusToString
 .text.MX_SPI1_Init
                0x08003df0       0x6c ./Core/Src/spi.o
                0x08003df0                MX_SPI1_Init
 .text.HAL_SPI_MspInit
                0x08003e5c       0xa0 ./Core/Src/spi.o
                0x08003e5c                HAL_SPI_MspInit
 .text.HAL_MspInit
                0x08003efc       0x58 ./Core/Src/stm32f4xx_hal_msp.o
                0x08003efc                HAL_MspInit
 .text.HAL_InitTick
                0x08003f54       0xe4 ./Core/Src/stm32f4xx_hal_timebase_tim.o
                0x08003f54                HAL_InitTick
 .text.NMI_Handler
                0x08004038        0x8 ./Core/Src/stm32f4xx_it.o
                0x08004038                NMI_Handler
 .text.HardFault_Handler
                0x08004040        0x8 ./Core/Src/stm32f4xx_it.o
                0x08004040                HardFault_Handler
 .text.MemManage_Handler
                0x08004048        0x8 ./Core/Src/stm32f4xx_it.o
                0x08004048                MemManage_Handler
 .text.BusFault_Handler
                0x08004050        0x8 ./Core/Src/stm32f4xx_it.o
                0x08004050                BusFault_Handler
 .text.UsageFault_Handler
                0x08004058        0x8 ./Core/Src/stm32f4xx_it.o
                0x08004058                UsageFault_Handler
 .text.DebugMon_Handler
                0x08004060        0xe ./Core/Src/stm32f4xx_it.o
                0x08004060                DebugMon_Handler
 *fill*         0x0800406e        0x2 
 .text.TIM1_UP_TIM10_IRQHandler
                0x08004070       0x14 ./Core/Src/stm32f4xx_it.o
                0x08004070                TIM1_UP_TIM10_IRQHandler
 .text.SPI1_IRQHandler
                0x08004084       0x14 ./Core/Src/stm32f4xx_it.o
                0x08004084                SPI1_IRQHandler
 .text.OTG_FS_IRQHandler
                0x08004098       0x14 ./Core/Src/stm32f4xx_it.o
                0x08004098                OTG_FS_IRQHandler
 .text._getpid  0x080040ac       0x10 ./Core/Src/syscalls.o
                0x080040ac                _getpid
 .text._kill    0x080040bc       0x20 ./Core/Src/syscalls.o
                0x080040bc                _kill
 .text._exit    0x080040dc       0x16 ./Core/Src/syscalls.o
                0x080040dc                _exit
 .text._read    0x080040f2       0x3a ./Core/Src/syscalls.o
                0x080040f2                _read
 .text._write   0x0800412c       0x38 ./Core/Src/syscalls.o
                0x0800412c                _write
 .text._close   0x08004164       0x18 ./Core/Src/syscalls.o
                0x08004164                _close
 .text._fstat   0x0800417c       0x20 ./Core/Src/syscalls.o
                0x0800417c                _fstat
 .text._isatty  0x0800419c       0x16 ./Core/Src/syscalls.o
                0x0800419c                _isatty
 .text._lseek   0x080041b2       0x1a ./Core/Src/syscalls.o
                0x080041b2                _lseek
 .text._sbrk    0x080041cc       0x6c ./Core/Src/sysmem.o
                0x080041cc                _sbrk
 .text.SystemInit
                0x08004238       0x24 ./Core/Src/system_stm32f4xx.o
                0x08004238                SystemInit
 .text.KeyExpansion
                0x0800425c      0x1a0 ./Core/Src/tiny_aes.o
 .text.AddRoundKey
                0x080043fc       0x76 ./Core/Src/tiny_aes.o
 *fill*         0x08004472        0x2 
 .text.SubBytes
                0x08004474       0x64 ./Core/Src/tiny_aes.o
 .text.ShiftRows
                0x080044d8       0x84 ./Core/Src/tiny_aes.o
 .text.xtime    0x0800455c       0x38 ./Core/Src/tiny_aes.o
 .text.MixColumns
                0x08004594      0x16a ./Core/Src/tiny_aes.o
 .text.Cipher   0x080046fe       0x58 ./Core/Src/tiny_aes.o
 .text.AES_init_ctx
                0x08004756       0x1c ./Core/Src/tiny_aes.o
                0x08004756                AES_init_ctx
 .text.AES_init_ctx_iv
                0x08004772       0x2c ./Core/Src/tiny_aes.o
                0x08004772                AES_init_ctx_iv
 .text.AES_ECB_encrypt
                0x0800479e       0x1c ./Core/Src/tiny_aes.o
                0x0800479e                AES_ECB_encrypt
 .text.AES_CTR_xcrypt_buffer
                0x080047ba       0xc6 ./Core/Src/tiny_aes.o
                0x080047ba                AES_CTR_xcrypt_buffer
 .text.Reset_Handler
                0x08004880       0x50 ./Core/Startup/startup_stm32f411ceux.o
                0x08004880                Reset_Handler
 .text.Default_Handler
                0x080048d0        0x2 ./Core/Startup/startup_stm32f411ceux.o
                0x080048d0                RTC_Alarm_IRQHandler
                0x080048d0                EXTI2_IRQHandler
                0x080048d0                SPI4_IRQHandler
                0x080048d0                TIM1_CC_IRQHandler
                0x080048d0                DMA2_Stream5_IRQHandler
                0x080048d0                DMA1_Stream5_IRQHandler
                0x080048d0                PVD_IRQHandler
                0x080048d0                SDIO_IRQHandler
                0x080048d0                TAMP_STAMP_IRQHandler
                0x080048d0                EXTI3_IRQHandler
                0x080048d0                I2C3_ER_IRQHandler
                0x080048d0                EXTI0_IRQHandler
                0x080048d0                I2C2_EV_IRQHandler
                0x080048d0                DMA1_Stream2_IRQHandler
                0x080048d0                FPU_IRQHandler
                0x080048d0                DMA2_Stream2_IRQHandler
                0x080048d0                TIM1_BRK_TIM9_IRQHandler
                0x080048d0                DMA2_Stream3_IRQHandler
                0x080048d0                USART6_IRQHandler
                0x080048d0                DMA2_Stream0_IRQHandler
                0x080048d0                TIM4_IRQHandler
                0x080048d0                I2C1_EV_IRQHandler
                0x080048d0                DMA1_Stream6_IRQHandler
                0x080048d0                DMA1_Stream1_IRQHandler
                0x080048d0                TIM3_IRQHandler
                0x080048d0                RCC_IRQHandler
                0x080048d0                Default_Handler
                0x080048d0                EXTI15_10_IRQHandler
                0x080048d0                ADC_IRQHandler
                0x080048d0                DMA1_Stream7_IRQHandler
                0x080048d0                SPI5_IRQHandler
                0x080048d0                TIM5_IRQHandler
                0x080048d0                DMA2_Stream7_IRQHandler
                0x080048d0                I2C3_EV_IRQHandler
                0x080048d0                EXTI9_5_IRQHandler
                0x080048d0                RTC_WKUP_IRQHandler
                0x080048d0                SPI2_IRQHandler
                0x080048d0                DMA1_Stream0_IRQHandler
                0x080048d0                EXTI4_IRQHandler
                0x080048d0                WWDG_IRQHandler
                0x080048d0                TIM2_IRQHandler
                0x080048d0                OTG_FS_WKUP_IRQHandler
                0x080048d0                TIM1_TRG_COM_TIM11_IRQHandler
                0x080048d0                EXTI1_IRQHandler
                0x080048d0                USART2_IRQHandler
                0x080048d0                I2C2_ER_IRQHandler
                0x080048d0                DMA2_Stream1_IRQHandler
                0x080048d0                FLASH_IRQHandler
                0x080048d0                DMA2_Stream4_IRQHandler
                0x080048d0                USART1_IRQHandler
                0x080048d0                SPI3_IRQHandler
                0x080048d0                DMA1_Stream4_IRQHandler
                0x080048d0                I2C1_ER_IRQHandler
                0x080048d0                DMA2_Stream6_IRQHandler
                0x080048d0                DMA1_Stream3_IRQHandler
 *fill*         0x080048d2        0x2 
 .text.HAL_Init
                0x080048d4       0x44 ./Drivers/STM32F4xx_HAL_Driver/Src/stm32f4xx_hal.o
                0x080048d4                HAL_Init
 .text.HAL_IncTick
                0x08004918       0x28 ./Drivers/STM32F4xx_HAL_Driver/Src/stm32f4xx_hal.o
                0x08004918                HAL_IncTick
 .text.HAL_GetTick
                0x08004940       0x18 ./Drivers/STM32F4xx_HAL_Driver/Src/stm32f4xx_hal.o
                0x08004940                HAL_GetTick
 .text.HAL_Delay
                0x08004958       0x48 ./Drivers/STM32F4xx_HAL_Driver/Src/stm32f4xx_hal.o
                0x08004958                HAL_Delay
 .text.HAL_GetUIDw0
                0x080049a0       0x18 ./Drivers/STM32F4xx_HAL_Driver/Src/stm32f4xx_hal.o
                0x080049a0                HAL_GetUIDw0
 .text.HAL_GetUIDw1
                0x080049b8       0x18 ./Drivers/STM32F4xx_HAL_Driver/Src/stm32f4xx_hal.o
                0x080049b8                HAL_GetUIDw1
 .text.HAL_GetUIDw2
                0x080049d0       0x18 ./Drivers/STM32F4xx_HAL_Driver/Src/stm32f4xx_hal.o
                0x080049d0                HAL_GetUIDw2
 .text.__NVIC_SetPriorityGrouping
                0x080049e8       0x48 ./Drivers/STM32F4xx_HAL_Driver/Src/stm32f4xx_hal_cortex.o
 .text.__NVIC_GetPriorityGrouping
                0x08004a30       0x1c ./Drivers/STM32F4xx_HAL_Driver/Src/stm32f4xx_hal_cortex.o
 .text.__NVIC_EnableIRQ
                0x08004a4c       0x3c ./Drivers/STM32F4xx_HAL_Driver/Src/stm32f4xx_hal_cortex.o
 .text.__NVIC_SetPriority
                0x08004a88       0x54 ./Drivers/STM32F4xx_HAL_Driver/Src/stm32f4xx_hal_cortex.o
 .text.NVIC_EncodePriority
                0x08004adc       0x66 ./Drivers/STM32F4xx_HAL_Driver/Src/stm32f4xx_hal_cortex.o
 .text.HAL_NVIC_SetPriorityGrouping
                0x08004b42       0x16 ./Drivers/STM32F4xx_HAL_Driver/Src/stm32f4xx_hal_cortex.o
                0x08004b42                HAL_NVIC_SetPriorityGrouping
 .text.HAL_NVIC_SetPriority
                0x08004b58       0x38 ./Drivers/STM32F4xx_HAL_Driver/Src/stm32f4xx_hal_cortex.o
                0x08004b58                HAL_NVIC_SetPriority
 .text.HAL_NVIC_EnableIRQ
                0x08004b90       0x1c ./Drivers/STM32F4xx_HAL_Driver/Src/stm32f4xx_hal_cortex.o
                0x08004b90                HAL_NVIC_EnableIRQ
 .text.HAL_DMA_Abort_IT
                0x08004bac       0x44 ./Drivers/STM32F4xx_HAL_Driver/Src/stm32f4xx_hal_dma.o
                0x08004bac                HAL_DMA_Abort_IT
 .text.HAL_GPIO_Init
                0x08004bf0      0x308 ./Drivers/STM32F4xx_HAL_Driver/Src/stm32f4xx_hal_gpio.o
                0x08004bf0                HAL_GPIO_Init
 .text.HAL_GPIO_WritePin
                0x08004ef8       0x32 ./Drivers/STM32F4xx_HAL_Driver/Src/stm32f4xx_hal_gpio.o
                0x08004ef8                HAL_GPIO_WritePin
 .text.HAL_PCD_Init
                0x08004f2a      0x21e ./Drivers/STM32F4xx_HAL_Driver/Src/stm32f4xx_hal_pcd.o
                0x08004f2a                HAL_PCD_Init
 .text.HAL_PCD_Start
                0x08005148       0x6a ./Drivers/STM32F4xx_HAL_Driver/Src/stm32f4xx_hal_pcd.o
                0x08005148                HAL_PCD_Start
 .text.HAL_PCD_IRQHandler
                0x080051b2      0x942 ./Drivers/STM32F4xx_HAL_Driver/Src/stm32f4xx_hal_pcd.o
                0x080051b2                HAL_PCD_IRQHandler
 .text.HAL_PCD_SetAddress
                0x08005af4       0x48 ./Drivers/STM32F4xx_HAL_Driver/Src/stm32f4xx_hal_pcd.o
                0x08005af4                HAL_PCD_SetAddress
 .text.HAL_PCD_EP_Open
                0x08005b3c       0xd4 ./Drivers/STM32F4xx_HAL_Driver/Src/stm32f4xx_hal_pcd.o
                0x08005b3c                HAL_PCD_EP_Open
 .text.HAL_PCD_EP_Close
                0x08005c10       0x94 ./Drivers/STM32F4xx_HAL_Driver/Src/stm32f4xx_hal_pcd.o
                0x08005c10                HAL_PCD_EP_Close
 .text.HAL_PCD_EP_Receive
                0x08005ca4       0x76 ./Drivers/STM32F4xx_HAL_Driver/Src/stm32f4xx_hal_pcd.o
                0x08005ca4                HAL_PCD_EP_Receive
 .text.HAL_PCD_EP_GetRxCount
                0x08005d1a       0x30 ./Drivers/STM32F4xx_HAL_Driver/Src/stm32f4xx_hal_pcd.o
                0x08005d1a                HAL_PCD_EP_GetRxCount
 .text.HAL_PCD_EP_Transmit
                0x08005d4a       0x74 ./Drivers/STM32F4xx_HAL_Driver/Src/stm32f4xx_hal_pcd.o
                0x08005d4a                HAL_PCD_EP_Transmit
 .text.HAL_PCD_EP_SetStall
                0x08005dbe       0xc6 ./Drivers/STM32F4xx_HAL_Driver/Src/stm32f4xx_hal_pcd.o
                0x08005dbe                HAL_PCD_EP_SetStall
 .text.HAL_PCD_EP_ClrStall
                0x08005e84       0xac ./Drivers/STM32F4xx_HAL_Driver/Src/stm32f4xx_hal_pcd.o
                0x08005e84                HAL_PCD_EP_ClrStall
 .text.HAL_PCD_EP_Abort
                0x08005f30       0x62 ./Drivers/STM32F4xx_HAL_Driver/Src/stm32f4xx_hal_pcd.o
                0x08005f30                HAL_PCD_EP_Abort
 .text.PCD_WriteEmptyTxFifo
                0x08005f92      0x118 ./Drivers/STM32F4xx_HAL_Driver/Src/stm32f4xx_hal_pcd.o
 *fill*         0x080060aa        0x2 
 .text.PCD_EP_OutXfrComplete_int
                0x080060ac      0x1d0 ./Drivers/STM32F4xx_HAL_Driver/Src/stm32f4xx_hal_pcd.o
 .text.PCD_EP_OutSetupPacket_int
                0x0800627c       0x8c ./Drivers/STM32F4xx_HAL_Driver/Src/stm32f4xx_hal_pcd.o
 .text.HAL_PCDEx_SetTxFiFo
                0x08006308       0x8e ./Drivers/STM32F4xx_HAL_Driver/Src/stm32f4xx_hal_pcd_ex.o
                0x08006308                HAL_PCDEx_SetTxFiFo
 .text.HAL_PCDEx_SetRxFiFo
                0x08006396       0x22 ./Drivers/STM32F4xx_HAL_Driver/Src/stm32f4xx_hal_pcd_ex.o
                0x08006396                HAL_PCDEx_SetRxFiFo
 .text.HAL_PCDEx_LPM_Callback
                0x080063b8       0x18 ./Drivers/STM32F4xx_HAL_Driver/Src/stm32f4xx_hal_pcd_ex.o
                0x080063b8                HAL_PCDEx_LPM_Callback
 .text.HAL_RCC_OscConfig
                0x080063d0      0x4f0 ./Drivers/STM32F4xx_HAL_Driver/Src/stm32f4xx_hal_rcc.o
                0x080063d0                HAL_RCC_OscConfig
 .text.HAL_RCC_ClockConfig
                0x080068c0      0x1cc ./Drivers/STM32F4xx_HAL_Driver/Src/stm32f4xx_hal_rcc.o
                0x080068c0                HAL_RCC_ClockConfig
 .text.HAL_RCC_GetSysClockFreq
                0x08006a8c      0x188 ./Drivers/STM32F4xx_HAL_Driver/Src/stm32f4xx_hal_rcc.o
                0x08006a8c                HAL_RCC_GetSysClockFreq
 .text.HAL_RCC_GetHCLKFreq
                0x08006c14       0x18 ./Drivers/STM32F4xx_HAL_Driver/Src/stm32f4xx_hal_rcc.o
                0x08006c14                HAL_RCC_GetHCLKFreq
 .text.HAL_RCC_GetPCLK2Freq
                0x08006c2c       0x28 ./Drivers/STM32F4xx_HAL_Driver/Src/stm32f4xx_hal_rcc.o
                0x08006c2c                HAL_RCC_GetPCLK2Freq
 .text.HAL_RCC_GetClockConfig
                0x08006c54       0x64 ./Drivers/STM32F4xx_HAL_Driver/Src/stm32f4xx_hal_rcc.o
                0x08006c54                HAL_RCC_GetClockConfig
 .text.HAL_SPI_Init
                0x08006cb8      0x112 ./Drivers/STM32F4xx_HAL_Driver/Src/stm32f4xx_hal_spi.o
                0x08006cb8                HAL_SPI_Init
 .text.HAL_SPI_TransmitReceive
                0x08006dca      0x352 ./Drivers/STM32F4xx_HAL_Driver/Src/stm32f4xx_hal_spi.o
                0x08006dca                HAL_SPI_TransmitReceive
 .text.HAL_SPI_IRQHandler
                0x0800711c      0x200 ./Drivers/STM32F4xx_HAL_Driver/Src/stm32f4xx_hal_spi.o
                0x0800711c                HAL_SPI_IRQHandler
 .text.HAL_SPI_ErrorCallback
                0x0800731c       0x14 ./Drivers/STM32F4xx_HAL_Driver/Src/stm32f4xx_hal_spi.o
                0x0800731c                HAL_SPI_ErrorCallback
 .text.SPI_DMAAbortOnError
                0x08007330       0x28 ./Drivers/STM32F4xx_HAL_Driver/Src/stm32f4xx_hal_spi.o
 .text.SPI_WaitFlagStateUntilTimeout
                0x08007358      0x110 ./Drivers/STM32F4xx_HAL_Driver/Src/stm32f4xx_hal_spi.o
 .text.SPI_EndRxTxTransaction
                0x08007468       0xa8 ./Drivers/STM32F4xx_HAL_Driver/Src/stm32f4xx_hal_spi.o
 .text.HAL_TIM_Base_Init
                0x08007510       0x9e ./Drivers/STM32F4xx_HAL_Driver/Src/stm32f4xx_hal_tim.o
                0x08007510                HAL_TIM_Base_Init
 .text.HAL_TIM_Base_MspInit
                0x080075ae       0x14 ./Drivers/STM32F4xx_HAL_Driver/Src/stm32f4xx_hal_tim.o
                0x080075ae                HAL_TIM_Base_MspInit
 *fill*         0x080075c2        0x2 
 .text.HAL_TIM_Base_Start_IT
                0x080075c4       0xc4 ./Drivers/STM32F4xx_HAL_Driver/Src/stm32f4xx_hal_tim.o
                0x080075c4                HAL_TIM_Base_Start_IT
 .text.HAL_TIM_IRQHandler
                0x08007688      0x1e0 ./Drivers/STM32F4xx_HAL_Driver/Src/stm32f4xx_hal_tim.o
                0x08007688                HAL_TIM_IRQHandler
 .text.HAL_TIM_OC_DelayElapsedCallback
                0x08007868       0x14 ./Drivers/STM32F4xx_HAL_Driver/Src/stm32f4xx_hal_tim.o
                0x08007868                HAL_TIM_OC_DelayElapsedCallback
 .text.HAL_TIM_IC_CaptureCallback
                0x0800787c       0x14 ./Drivers/STM32F4xx_HAL_Driver/Src/stm32f4xx_hal_tim.o
                0x0800787c                HAL_TIM_IC_CaptureCallback
 .text.HAL_TIM_PWM_PulseFinishedCallback
                0x08007890       0x14 ./Drivers/STM32F4xx_HAL_Driver/Src/stm32f4xx_hal_tim.o
                0x08007890                HAL_TIM_PWM_PulseFinishedCallback
 .text.HAL_TIM_TriggerCallback
                0x080078a4       0x14 ./Drivers/STM32F4xx_HAL_Driver/Src/stm32f4xx_hal_tim.o
                0x080078a4                HAL_TIM_TriggerCallback
 .text.TIM_Base_SetConfig
                0x080078b8      0x10c ./Drivers/STM32F4xx_HAL_Driver/Src/stm32f4xx_hal_tim.o
                0x080078b8                TIM_Base_SetConfig
 .text.HAL_TIMEx_CommutCallback
                0x080079c4       0x14 ./Drivers/STM32F4xx_HAL_Driver/Src/stm32f4xx_hal_tim_ex.o
                0x080079c4                HAL_TIMEx_CommutCallback
 .text.HAL_TIMEx_BreakCallback
                0x080079d8       0x14 ./Drivers/STM32F4xx_HAL_Driver/Src/stm32f4xx_hal_tim_ex.o
                0x080079d8                HAL_TIMEx_BreakCallback
 .text.USB_CoreInit
                0x080079ec       0xc8 ./Drivers/STM32F4xx_HAL_Driver/Src/stm32f4xx_ll_usb.o
                0x080079ec                USB_CoreInit
 .text.USB_SetTurnaroundTime
                0x08007ab4      0x144 ./Drivers/STM32F4xx_HAL_Driver/Src/stm32f4xx_ll_usb.o
                0x08007ab4                USB_SetTurnaroundTime
 .text.USB_EnableGlobalInt
                0x08007bf8       0x22 ./Drivers/STM32F4xx_HAL_Driver/Src/stm32f4xx_ll_usb.o
                0x08007bf8                USB_EnableGlobalInt
 .text.USB_DisableGlobalInt
                0x08007c1a       0x22 ./Drivers/STM32F4xx_HAL_Driver/Src/stm32f4xx_ll_usb.o
                0x08007c1a                USB_DisableGlobalInt
 .text.USB_SetCurrentMode
                0x08007c3c       0x98 ./Drivers/STM32F4xx_HAL_Driver/Src/stm32f4xx_ll_usb.o
                0x08007c3c                USB_SetCurrentMode
 .text.USB_DevInit
                0x08007cd4      0x2c8 ./Drivers/STM32F4xx_HAL_Driver/Src/stm32f4xx_ll_usb.o
                0x08007cd4                USB_DevInit
 .text.USB_FlushTxFifo
                0x08007f9c       0x64 ./Drivers/STM32F4xx_HAL_Driver/Src/stm32f4xx_ll_usb.o
                0x08007f9c                USB_FlushTxFifo
 .text.USB_FlushRxFifo
                0x08008000       0x5c ./Drivers/STM32F4xx_HAL_Driver/Src/stm32f4xx_ll_usb.o
                0x08008000                USB_FlushRxFifo
 .text.USB_SetDevSpeed
                0x0800805c       0x32 ./Drivers/STM32F4xx_HAL_Driver/Src/stm32f4xx_ll_usb.o
                0x0800805c                USB_SetDevSpeed
 .text.USB_GetDevSpeed
                0x0800808e       0x4a ./Drivers/STM32F4xx_HAL_Driver/Src/stm32f4xx_ll_usb.o
                0x0800808e                USB_GetDevSpeed
 .text.USB_ActivateEndpoint
                0x080080d8      0x10e ./Drivers/STM32F4xx_HAL_Driver/Src/stm32f4xx_ll_usb.o
                0x080080d8                USB_ActivateEndpoint
 *fill*         0x080081e6        0x2 
 .text.USB_DeactivateEndpoint
                0x080081e8      0x1b8 ./Drivers/STM32F4xx_HAL_Driver/Src/stm32f4xx_ll_usb.o
                0x080081e8                USB_DeactivateEndpoint
 .text.USB_EPStartXfer
                0x080083a0      0x53c ./Drivers/STM32F4xx_HAL_Driver/Src/stm32f4xx_ll_usb.o
                0x080083a0                USB_EPStartXfer
 .text.USB_EPStopXfer
                0x080088dc      0x154 ./Drivers/STM32F4xx_HAL_Driver/Src/stm32f4xx_ll_usb.o
                0x080088dc                USB_EPStopXfer
 .text.USB_WritePacket
                0x08008a30       0x7c ./Drivers/STM32F4xx_HAL_Driver/Src/stm32f4xx_ll_usb.o
                0x08008a30                USB_WritePacket
 .text.USB_ReadPacket
                0x08008aac       0xb0 ./Drivers/STM32F4xx_HAL_Driver/Src/stm32f4xx_ll_usb.o
                0x08008aac                USB_ReadPacket
 .text.USB_EPSetStall
                0x08008b5c       0xdc ./Drivers/STM32F4xx_HAL_Driver/Src/stm32f4xx_ll_usb.o
                0x08008b5c                USB_EPSetStall
 .text.USB_EPClearStall
                0x08008c38       0xcc ./Drivers/STM32F4xx_HAL_Driver/Src/stm32f4xx_ll_usb.o
                0x08008c38                USB_EPClearStall
 .text.USB_SetDevAddress
                0x08008d04       0x4c ./Drivers/STM32F4xx_HAL_Driver/Src/stm32f4xx_ll_usb.o
                0x08008d04                USB_SetDevAddress
 .text.USB_DevConnect
                0x08008d50       0x42 ./Drivers/STM32F4xx_HAL_Driver/Src/stm32f4xx_ll_usb.o
                0x08008d50                USB_DevConnect
 .text.USB_DevDisconnect
                0x08008d92       0x42 ./Drivers/STM32F4xx_HAL_Driver/Src/stm32f4xx_ll_usb.o
                0x08008d92                USB_DevDisconnect
 .text.USB_ReadInterrupts
                0x08008dd4       0x26 ./Drivers/STM32F4xx_HAL_Driver/Src/stm32f4xx_ll_usb.o
                0x08008dd4                USB_ReadInterrupts
 .text.USB_ReadDevAllOutEpInterrupt
                0x08008dfa       0x34 ./Drivers/STM32F4xx_HAL_Driver/Src/stm32f4xx_ll_usb.o
                0x08008dfa                USB_ReadDevAllOutEpInterrupt
 .text.USB_ReadDevAllInEpInterrupt
                0x08008e2e       0x34 ./Drivers/STM32F4xx_HAL_Driver/Src/stm32f4xx_ll_usb.o
                0x08008e2e                USB_ReadDevAllInEpInterrupt
 .text.USB_ReadDevOutEPInterrupt
                0x08008e62       0x3c ./Drivers/STM32F4xx_HAL_Driver/Src/stm32f4xx_ll_usb.o
                0x08008e62                USB_ReadDevOutEPInterrupt
 .text.USB_ReadDevInEPInterrupt
                0x08008e9e       0x5c ./Drivers/STM32F4xx_HAL_Driver/Src/stm32f4xx_ll_usb.o
                0x08008e9e                USB_ReadDevInEPInterrupt
 .text.USB_GetMode
                0x08008efa       0x1c ./Drivers/STM32F4xx_HAL_Driver/Src/stm32f4xx_ll_usb.o
                0x08008efa                USB_GetMode
 .text.USB_ActivateSetup
                0x08008f16       0x46 ./Drivers/STM32F4xx_HAL_Driver/Src/stm32f4xx_ll_usb.o
                0x08008f16                USB_ActivateSetup
 .text.USB_EP0_OutStart
                0x08008f5c       0xbc ./Drivers/STM32F4xx_HAL_Driver/Src/stm32f4xx_ll_usb.o
                0x08008f5c                USB_EP0_OutStart
 .text.USB_CoreReset
                0x08009018       0x70 ./Drivers/STM32F4xx_HAL_Driver/Src/stm32f4xx_ll_usb.o
 .text.USBD_CDC_Init
                0x08009088      0x1f0 ./Middlewares/ST/STM32_USB_Device_Library/Class/CDC/Src/usbd_cdc.o
 .text.USBD_CDC_DeInit
                0x08009278      0x104 ./Middlewares/ST/STM32_USB_Device_Library/Class/CDC/Src/usbd_cdc.o
 .text.USBD_CDC_Setup
                0x0800937c      0x1b8 ./Middlewares/ST/STM32_USB_Device_Library/Class/CDC/Src/usbd_cdc.o
 .text.USBD_CDC_DataIn
                0x08009534       0xfe ./Middlewares/ST/STM32_USB_Device_Library/Class/CDC/Src/usbd_cdc.o
 .text.USBD_CDC_DataOut
                0x08009632       0x70 ./Middlewares/ST/STM32_USB_Device_Library/Class/CDC/Src/usbd_cdc.o
 .text.USBD_CDC_EP0_RxReady
                0x080096a2       0x74 ./Middlewares/ST/STM32_USB_Device_Library/Class/CDC/Src/usbd_cdc.o
 *fill*         0x08009716        0x2 
 .text.USBD_CDC_GetFSCfgDesc
                0x08009718       0x70 ./Middlewares/ST/STM32_USB_Device_Library/Class/CDC/Src/usbd_cdc.o
 .text.USBD_CDC_GetHSCfgDesc
                0x08009788       0x70 ./Middlewares/ST/STM32_USB_Device_Library/Class/CDC/Src/usbd_cdc.o
 .text.USBD_CDC_GetOtherSpeedCfgDesc
                0x080097f8       0x70 ./Middlewares/ST/STM32_USB_Device_Library/Class/CDC/Src/usbd_cdc.o
 .text.USBD_CDC_GetDeviceQualifierDescriptor
                0x08009868       0x20 ./Middlewares/ST/STM32_USB_Device_Library/Class/CDC/Src/usbd_cdc.o
                0x08009868                USBD_CDC_GetDeviceQualifierDescriptor
 .text.USBD_CDC_RegisterInterface
                0x08009888       0x34 ./Middlewares/ST/STM32_USB_Device_Library/Class/CDC/Src/usbd_cdc.o
                0x08009888                USBD_CDC_RegisterInterface
 .text.USBD_CDC_SetTxBuffer
                0x080098bc       0x44 ./Middlewares/ST/STM32_USB_Device_Library/Class/CDC/Src/usbd_cdc.o
                0x080098bc                USBD_CDC_SetTxBuffer
 .text.USBD_CDC_SetRxBuffer
                0x08009900       0x3a ./Middlewares/ST/STM32_USB_Device_Library/Class/CDC/Src/usbd_cdc.o
                0x08009900                USBD_CDC_SetRxBuffer
 *fill*         0x0800993a        0x2 
 .text.USBD_CDC_TransmitPacket
                0x0800993c       0x80 ./Middlewares/ST/STM32_USB_Device_Library/Class/CDC/Src/usbd_cdc.o
                0x0800993c                USBD_CDC_TransmitPacket
 .text.USBD_CDC_ReceivePacket
                0x080099bc       0x6c ./Middlewares/ST/STM32_USB_Device_Library/Class/CDC/Src/usbd_cdc.o
                0x080099bc                USBD_CDC_ReceivePacket
 .text.USBD_Init
                0x08009a28       0x60 ./Middlewares/ST/STM32_USB_Device_Library/Core/Src/usbd_core.o
                0x08009a28                USBD_Init
 .text.USBD_RegisterClass
                0x08009a88       0x6c ./Middlewares/ST/STM32_USB_Device_Library/Core/Src/usbd_core.o
                0x08009a88                USBD_RegisterClass
 .text.USBD_Start
                0x08009af4       0x18 ./Middlewares/ST/STM32_USB_Device_Library/Core/Src/usbd_core.o
                0x08009af4                USBD_Start
 .text.USBD_RunTestMode
                0x08009b0c       0x16 ./Middlewares/ST/STM32_USB_Device_Library/Core/Src/usbd_core.o
                0x08009b0c                USBD_RunTestMode
 .text.USBD_SetClassConfig
                0x08009b22       0x38 ./Middlewares/ST/STM32_USB_Device_Library/Core/Src/usbd_core.o
                0x08009b22                USBD_SetClassConfig
 .text.USBD_ClrClassConfig
                0x08009b5a       0x34 ./Middlewares/ST/STM32_USB_Device_Library/Core/Src/usbd_core.o
                0x08009b5a                USBD_ClrClassConfig
 .text.USBD_LL_SetupStage
                0x08009b8e       0xaa ./Middlewares/ST/STM32_USB_Device_Library/Core/Src/usbd_core.o
                0x08009b8e                USBD_LL_SetupStage
 .text.USBD_LL_DataOutStage
                0x08009c38      0x178 ./Middlewares/ST/STM32_USB_Device_Library/Core/Src/usbd_core.o
                0x08009c38                USBD_LL_DataOutStage
 .text.USBD_LL_DataInStage
                0x08009db0      0x176 ./Middlewares/ST/STM32_USB_Device_Library/Core/Src/usbd_core.o
                0x08009db0                USBD_LL_DataInStage
 .text.USBD_LL_Reset
                0x08009f26       0xa6 ./Middlewares/ST/STM32_USB_Device_Library/Core/Src/usbd_core.o
                0x08009f26                USBD_LL_Reset
 .text.USBD_LL_SetSpeed
                0x08009fcc       0x20 ./Middlewares/ST/STM32_USB_Device_Library/Core/Src/usbd_core.o
                0x08009fcc                USBD_LL_SetSpeed
 .text.USBD_LL_Suspend
                0x08009fec       0x38 ./Middlewares/ST/STM32_USB_Device_Library/Core/Src/usbd_core.o
                0x08009fec                USBD_LL_Suspend
 .text.USBD_LL_Resume
                0x0800a024       0x30 ./Middlewares/ST/STM32_USB_Device_Library/Core/Src/usbd_core.o
                0x0800a024                USBD_LL_Resume
 .text.USBD_LL_SOF
                0x0800a054       0x40 ./Middlewares/ST/STM32_USB_Device_Library/Core/Src/usbd_core.o
                0x0800a054                USBD_LL_SOF
 .text.USBD_LL_IsoINIncomplete
                0x0800a094       0x64 ./Middlewares/ST/STM32_USB_Device_Library/Core/Src/usbd_core.o
                0x0800a094                USBD_LL_IsoINIncomplete
 .text.USBD_LL_IsoOUTIncomplete
                0x0800a0f8       0x64 ./Middlewares/ST/STM32_USB_Device_Library/Core/Src/usbd_core.o
                0x0800a0f8                USBD_LL_IsoOUTIncomplete
 .text.USBD_LL_DevConnected
                0x0800a15c       0x16 ./Middlewares/ST/STM32_USB_Device_Library/Core/Src/usbd_core.o
                0x0800a15c                USBD_LL_DevConnected
 .text.USBD_LL_DevDisconnected
                0x0800a172       0x46 ./Middlewares/ST/STM32_USB_Device_Library/Core/Src/usbd_core.o
                0x0800a172                USBD_LL_DevDisconnected
 .text.USBD_CoreFindIF
                0x0800a1b8       0x1a ./Middlewares/ST/STM32_USB_Device_Library/Core/Src/usbd_core.o
                0x0800a1b8                USBD_CoreFindIF
 .text.USBD_CoreFindEP
                0x0800a1d2       0x1a ./Middlewares/ST/STM32_USB_Device_Library/Core/Src/usbd_core.o
                0x0800a1d2                USBD_CoreFindEP
 .text.USBD_GetEpDesc
                0x0800a1ec       0x70 ./Middlewares/ST/STM32_USB_Device_Library/Core/Src/usbd_core.o
                0x0800a1ec                USBD_GetEpDesc
 .text.USBD_GetNextDesc
                0x0800a25c       0x38 ./Middlewares/ST/STM32_USB_Device_Library/Core/Src/usbd_core.o
                0x0800a25c                USBD_GetNextDesc
 .text.SWAPBYTE
                0x0800a294       0x3e ./Middlewares/ST/STM32_USB_Device_Library/Core/Src/usbd_ctlreq.o
 *fill*         0x0800a2d2        0x2 
 .text.USBD_StdDevReq
                0x0800a2d4       0xe4 ./Middlewares/ST/STM32_USB_Device_Library/Core/Src/usbd_ctlreq.o
                0x0800a2d4                USBD_StdDevReq
 .text.USBD_StdItfReq
                0x0800a3b8       0xd8 ./Middlewares/ST/STM32_USB_Device_Library/Core/Src/usbd_ctlreq.o
                0x0800a3b8                USBD_StdItfReq
 .text.USBD_StdEPReq
                0x0800a490      0x33e ./Middlewares/ST/STM32_USB_Device_Library/Core/Src/usbd_ctlreq.o
                0x0800a490                USBD_StdEPReq
 *fill*         0x0800a7ce        0x2 
 .text.USBD_GetDescriptor
                0x0800a7d0      0x2d4 ./Middlewares/ST/STM32_USB_Device_Library/Core/Src/usbd_ctlreq.o
 .text.USBD_SetAddress
                0x0800aaa4       0x88 ./Middlewares/ST/STM32_USB_Device_Library/Core/Src/usbd_ctlreq.o
 .text.USBD_SetConfig
                0x0800ab2c      0x154 ./Middlewares/ST/STM32_USB_Device_Library/Core/Src/usbd_ctlreq.o
 .text.USBD_GetConfig
                0x0800ac80       0x6c ./Middlewares/ST/STM32_USB_Device_Library/Core/Src/usbd_ctlreq.o
 .text.USBD_GetStatus
                0x0800acec       0x68 ./Middlewares/ST/STM32_USB_Device_Library/Core/Src/usbd_ctlreq.o
 .text.USBD_SetFeature
                0x0800ad54       0x52 ./Middlewares/ST/STM32_USB_Device_Library/Core/Src/usbd_ctlreq.o
 .text.USBD_ClrFeature
                0x0800ada6       0x44 ./Middlewares/ST/STM32_USB_Device_Library/Core/Src/usbd_ctlreq.o
 .text.USBD_ParseSetupRequest
                0x0800adea       0x74 ./Middlewares/ST/STM32_USB_Device_Library/Core/Src/usbd_ctlreq.o
                0x0800adea                USBD_ParseSetupRequest
 .text.USBD_CtlError
                0x0800ae5e       0x22 ./Middlewares/ST/STM32_USB_Device_Library/Core/Src/usbd_ctlreq.o
                0x0800ae5e                USBD_CtlError
 .text.USBD_GetString
                0x0800ae80       0xa4 ./Middlewares/ST/STM32_USB_Device_Library/Core/Src/usbd_ctlreq.o
                0x0800ae80                USBD_GetString
 .text.USBD_GetLen
                0x0800af24       0x34 ./Middlewares/ST/STM32_USB_Device_Library/Core/Src/usbd_ctlreq.o
 .text.USBD_CtlSendData
                0x0800af58       0x3c ./Middlewares/ST/STM32_USB_Device_Library/Core/Src/usbd_ioreq.o
                0x0800af58                USBD_CtlSendData
 .text.USBD_CtlContinueSendData
                0x0800af94       0x22 ./Middlewares/ST/STM32_USB_Device_Library/Core/Src/usbd_ioreq.o
                0x0800af94                USBD_CtlContinueSendData
 .text.USBD_CtlPrepareRx
                0x0800afb6       0x42 ./Middlewares/ST/STM32_USB_Device_Library/Core/Src/usbd_ioreq.o
                0x0800afb6                USBD_CtlPrepareRx
 .text.USBD_CtlContinueRx
                0x0800aff8       0x22 ./Middlewares/ST/STM32_USB_Device_Library/Core/Src/usbd_ioreq.o
                0x0800aff8                USBD_CtlContinueRx
 .text.USBD_CtlSendStatus
                0x0800b01a       0x26 ./Middlewares/ST/STM32_USB_Device_Library/Core/Src/usbd_ioreq.o
                0x0800b01a                USBD_CtlSendStatus
 .text.USBD_CtlReceiveStatus
                0x0800b040       0x26 ./Middlewares/ST/STM32_USB_Device_Library/Core/Src/usbd_ioreq.o
                0x0800b040                USBD_CtlReceiveStatus
 *fill*         0x0800b066        0x2 
 .text.__NVIC_SetPriority
                0x0800b068       0x54 ./Middlewares/Third_Party/FreeRTOS/Source/CMSIS_RTOS_V2/cmsis_os2.o
 .text.SysTick_Handler
                0x0800b0bc       0x20 ./Middlewares/Third_Party/FreeRTOS/Source/CMSIS_RTOS_V2/cmsis_os2.o
                0x0800b0bc                SysTick_Handler
 .text.SVC_Setup
                0x0800b0dc       0x12 ./Middlewares/Third_Party/FreeRTOS/Source/CMSIS_RTOS_V2/cmsis_os2.o
 *fill*         0x0800b0ee        0x2 
 .text.osKernelInitialize
                0x0800b0f0       0x48 ./Middlewares/Third_Party/FreeRTOS/Source/CMSIS_RTOS_V2/cmsis_os2.o
                0x0800b0f0                osKernelInitialize
 .text.osKernelStart
                0x0800b138       0x4c ./Middlewares/Third_Party/FreeRTOS/Source/CMSIS_RTOS_V2/cmsis_os2.o
                0x0800b138                osKernelStart
 .text.osThreadNew
                0x0800b184      0x124 ./Middlewares/Third_Party/FreeRTOS/Source/CMSIS_RTOS_V2/cmsis_os2.o
                0x0800b184                osThreadNew
 .text.osDelay  0x0800b2a8       0x36 ./Middlewares/Third_Party/FreeRTOS/Source/CMSIS_RTOS_V2/cmsis_os2.o
                0x0800b2a8                osDelay
 .text.osMessageQueueNew
                0x0800b2de       0xe6 ./Middlewares/Third_Party/FreeRTOS/Source/CMSIS_RTOS_V2/cmsis_os2.o
                0x0800b2de                osMessageQueueNew
 .text.osMessageQueuePut
                0x0800b3c4       0xc0 ./Middlewares/Third_Party/FreeRTOS/Source/CMSIS_RTOS_V2/cmsis_os2.o
                0x0800b3c4                osMessageQueuePut
 .text.osMessageQueueGet
                0x0800b484       0xbc ./Middlewares/Third_Party/FreeRTOS/Source/CMSIS_RTOS_V2/cmsis_os2.o
                0x0800b484                osMessageQueueGet
 .text.vApplicationGetIdleTaskMemory
                0x0800b540       0x34 ./Middlewares/Third_Party/FreeRTOS/Source/CMSIS_RTOS_V2/cmsis_os2.o
                0x0800b540                vApplicationGetIdleTaskMemory
 .text.vApplicationGetTimerTaskMemory
                0x0800b574       0x34 ./Middlewares/Third_Party/FreeRTOS/Source/CMSIS_RTOS_V2/cmsis_os2.o
                0x0800b574                vApplicationGetTimerTaskMemory
 .text.vListInitialise
                0x0800b5a8       0x40 ./Middlewares/Third_Party/FreeRTOS/Source/list.o
                0x0800b5a8                vListInitialise
 .text.vListInitialiseItem
                0x0800b5e8       0x1a ./Middlewares/Third_Party/FreeRTOS/Source/list.o
                0x0800b5e8                vListInitialiseItem
 .text.vListInsertEnd
                0x0800b602       0x48 ./Middlewares/Third_Party/FreeRTOS/Source/list.o
                0x0800b602                vListInsertEnd
 .text.vListInsert
                0x0800b64a       0x72 ./Middlewares/Third_Party/FreeRTOS/Source/list.o
                0x0800b64a                vListInsert
 .text.uxListRemove
                0x0800b6bc       0x54 ./Middlewares/Third_Party/FreeRTOS/Source/list.o
                0x0800b6bc                uxListRemove
 .text.xQueueGenericReset
                0x0800b710       0xd4 ./Middlewares/Third_Party/FreeRTOS/Source/queue.o
                0x0800b710                xQueueGenericReset
 .text.xQueueGenericCreateStatic
                0x0800b7e4       0xfa ./Middlewares/Third_Party/FreeRTOS/Source/queue.o
                0x0800b7e4                xQueueGenericCreateStatic
 .text.xQueueGenericCreate
                0x0800b8de       0x76 ./Middlewares/Third_Party/FreeRTOS/Source/queue.o
                0x0800b8de                xQueueGenericCreate
 .text.prvInitialiseNewQueue
                0x0800b954       0x46 ./Middlewares/Third_Party/FreeRTOS/Source/queue.o
 .text.prvInitialiseMutex
                0x0800b99a       0x34 ./Middlewares/Third_Party/FreeRTOS/Source/queue.o
 .text.xQueueCreateMutex
                0x0800b9ce       0x30 ./Middlewares/Third_Party/FreeRTOS/Source/queue.o
                0x0800b9ce                xQueueCreateMutex
 *fill*         0x0800b9fe        0x2 
 .text.xQueueGenericSend
                0x0800ba00      0x204 ./Middlewares/Third_Party/FreeRTOS/Source/queue.o
                0x0800ba00                xQueueGenericSend
 .text.xQueueGenericSendFromISR
                0x0800bc04      0x13c ./Middlewares/Third_Party/FreeRTOS/Source/queue.o
                0x0800bc04                xQueueGenericSendFromISR
 .text.xQueueReceive
                0x0800bd40      0x1c4 ./Middlewares/Third_Party/FreeRTOS/Source/queue.o
                0x0800bd40                xQueueReceive
 .text.xQueueSemaphoreTake
                0x0800bf04      0x220 ./Middlewares/Third_Party/FreeRTOS/Source/queue.o
                0x0800bf04                xQueueSemaphoreTake
 .text.xQueueReceiveFromISR
                0x0800c124      0x104 ./Middlewares/Third_Party/FreeRTOS/Source/queue.o
                0x0800c124                xQueueReceiveFromISR
 .text.prvGetDisinheritPriorityAfterTimeout
                0x0800c228       0x30 ./Middlewares/Third_Party/FreeRTOS/Source/queue.o
 .text.prvCopyDataToQueue
                0x0800c258       0xd4 ./Middlewares/Third_Party/FreeRTOS/Source/queue.o
 .text.prvCopyDataFromQueue
                0x0800c32c       0x4c ./Middlewares/Third_Party/FreeRTOS/Source/queue.o
 .text.prvUnlockQueue
                0x0800c378       0xa4 ./Middlewares/Third_Party/FreeRTOS/Source/queue.o
 .text.prvIsQueueEmpty
                0x0800c41c       0x2c ./Middlewares/Third_Party/FreeRTOS/Source/queue.o
 .text.prvIsQueueFull
                0x0800c448       0x30 ./Middlewares/Third_Party/FreeRTOS/Source/queue.o
 .text.vQueueAddToRegistry
                0x0800c478       0x54 ./Middlewares/Third_Party/FreeRTOS/Source/queue.o
                0x0800c478                vQueueAddToRegistry
 .text.vQueueWaitForMessageRestricted
                0x0800c4cc       0x68 ./Middlewares/Third_Party/FreeRTOS/Source/queue.o
                0x0800c4cc                vQueueWaitForMessageRestricted
 .text.xTaskCreateStatic
                0x0800c534       0xc0 ./Middlewares/Third_Party/FreeRTOS/Source/tasks.o
                0x0800c534                xTaskCreateStatic
 .text.xTaskCreate
                0x0800c5f4       0x8a ./Middlewares/Third_Party/FreeRTOS/Source/tasks.o
                0x0800c5f4                xTaskCreate
 *fill*         0x0800c67e        0x2 
 .text.prvInitialiseNewTask
                0x0800c680      0x150 ./Middlewares/Third_Party/FreeRTOS/Source/tasks.o
 .text.prvAddNewTaskToReadyList
                0x0800c7d0       0xe0 ./Middlewares/Third_Party/FreeRTOS/Source/tasks.o
 .text.vTaskDelay
                0x0800c8b0       0x6c ./Middlewares/Third_Party/FreeRTOS/Source/tasks.o
                0x0800c8b0                vTaskDelay
 .text.vTaskStartScheduler
                0x0800c91c       0xe0 ./Middlewares/Third_Party/FreeRTOS/Source/tasks.o
                0x0800c91c                vTaskStartScheduler
 .text.vTaskSuspendAll
                0x0800c9fc       0x1c ./Middlewares/Third_Party/FreeRTOS/Source/tasks.o
                0x0800c9fc                vTaskSuspendAll
 .text.xTaskResumeAll
                0x0800ca18      0x13c ./Middlewares/Third_Party/FreeRTOS/Source/tasks.o
                0x0800ca18                xTaskResumeAll
 .text.xTaskGetTickCount
                0x0800cb54       0x20 ./Middlewares/Third_Party/FreeRTOS/Source/tasks.o
                0x0800cb54                xTaskGetTickCount
 .text.xTaskIncrementTick
                0x0800cb74      0x174 ./Middlewares/Third_Party/FreeRTOS/Source/tasks.o
                0x0800cb74                xTaskIncrementTick
 .text.vTaskSwitchContext
                0x0800cce8       0xcc ./Middlewares/Third_Party/FreeRTOS/Source/tasks.o
                0x0800cce8                vTaskSwitchContext
 .text.vTaskPlaceOnEventList
                0x0800cdb4       0x4c ./Middlewares/Third_Party/FreeRTOS/Source/tasks.o
                0x0800cdb4                vTaskPlaceOnEventList
 .text.vTaskPlaceOnEventListRestricted
                0x0800ce00       0x58 ./Middlewares/Third_Party/FreeRTOS/Source/tasks.o
                0x0800ce00                vTaskPlaceOnEventListRestricted
 .text.xTaskRemoveFromEventList
                0x0800ce58       0xc8 ./Middlewares/Third_Party/FreeRTOS/Source/tasks.o
                0x0800ce58                xTaskRemoveFromEventList
 .text.vTaskInternalSetTimeOutState
                0x0800cf20       0x2c ./Middlewares/Third_Party/FreeRTOS/Source/tasks.o
                0x0800cf20                vTaskInternalSetTimeOutState
 .text.xTaskCheckForTimeOut
                0x0800cf4c       0xc8 ./Middlewares/Third_Party/FreeRTOS/Source/tasks.o
                0x0800cf4c                xTaskCheckForTimeOut
 .text.vTaskMissedYield
                0x0800d014       0x18 ./Middlewares/Third_Party/FreeRTOS/Source/tasks.o
                0x0800d014                vTaskMissedYield
 .text.prvIdleTask
                0x0800d02c       0x30 ./Middlewares/Third_Party/FreeRTOS/Source/tasks.o
 .text.prvInitialiseTaskLists
                0x0800d05c       0x80 ./Middlewares/Third_Party/FreeRTOS/Source/tasks.o
 .text.prvCheckTasksWaitingTermination
                0x0800d0dc       0x5c ./Middlewares/Third_Party/FreeRTOS/Source/tasks.o
 .text.prvDeleteTCB
                0x0800d138       0x6a ./Middlewares/Third_Party/FreeRTOS/Source/tasks.o
 *fill*         0x0800d1a2        0x2 
 .text.prvResetNextTaskUnblockTime
                0x0800d1a4       0x40 ./Middlewares/Third_Party/FreeRTOS/Source/tasks.o
 .text.xTaskGetSchedulerState
                0x0800d1e4       0x3c ./Middlewares/Third_Party/FreeRTOS/Source/tasks.o
                0x0800d1e4                xTaskGetSchedulerState
 .text.xTaskPriorityInherit
                0x0800d220       0xd0 ./Middlewares/Third_Party/FreeRTOS/Source/tasks.o
                0x0800d220                xTaskPriorityInherit
 .text.xTaskPriorityDisinherit
                0x0800d2f0       0xe0 ./Middlewares/Third_Party/FreeRTOS/Source/tasks.o
                0x0800d2f0                xTaskPriorityDisinherit
 .text.vTaskPriorityDisinheritAfterTimeout
                0x0800d3d0      0x108 ./Middlewares/Third_Party/FreeRTOS/Source/tasks.o
                0x0800d3d0                vTaskPriorityDisinheritAfterTimeout
 .text.pvTaskIncrementMutexHeldCount
                0x0800d4d8       0x28 ./Middlewares/Third_Party/FreeRTOS/Source/tasks.o
                0x0800d4d8                pvTaskIncrementMutexHeldCount
 .text.prvAddCurrentTaskToDelayedList
                0x0800d500       0xa8 ./Middlewares/Third_Party/FreeRTOS/Source/tasks.o
 .text.xTimerCreateTimerTask
                0x0800d5a8       0x94 ./Middlewares/Third_Party/FreeRTOS/Source/timers.o
                0x0800d5a8                xTimerCreateTimerTask
 .text.xTimerGenericCommand
                0x0800d63c       0x9c ./Middlewares/Third_Party/FreeRTOS/Source/timers.o
                0x0800d63c                xTimerGenericCommand
 .text.prvProcessExpiredTimer
                0x0800d6d8       0x9c ./Middlewares/Third_Party/FreeRTOS/Source/timers.o
 .text.prvTimerTask
                0x0800d774       0x26 ./Middlewares/Third_Party/FreeRTOS/Source/timers.o
 *fill*         0x0800d79a        0x2 
 .text.prvProcessTimerOrBlockTask
                0x0800d79c       0x9c ./Middlewares/Third_Party/FreeRTOS/Source/timers.o
 .text.prvGetNextExpireTime
                0x0800d838       0x48 ./Middlewares/Third_Party/FreeRTOS/Source/timers.o
 .text.prvSampleTimeNow
                0x0800d880       0x40 ./Middlewares/Third_Party/FreeRTOS/Source/timers.o
 .text.prvInsertTimerInActiveList
                0x0800d8c0       0x84 ./Middlewares/Third_Party/FreeRTOS/Source/timers.o
 .text.prvProcessReceivedCommands
                0x0800d944      0x1cc ./Middlewares/Third_Party/FreeRTOS/Source/timers.o
 .text.prvSwitchTimerLists
                0x0800db10       0xcc ./Middlewares/Third_Party/FreeRTOS/Source/timers.o
 .text.prvCheckForValidListAndQueue
                0x0800dbdc       0x80 ./Middlewares/Third_Party/FreeRTOS/Source/timers.o
 .text.pxPortInitialiseStack
                0x0800dc5c       0x68 ./Middlewares/Third_Party/FreeRTOS/Source/portable/GCC/ARM_CM4F/port.o
                0x0800dc5c                pxPortInitialiseStack
 .text.prvTaskExitError
                0x0800dcc4       0x5c ./Middlewares/Third_Party/FreeRTOS/Source/portable/GCC/ARM_CM4F/port.o
 .text.SVC_Handler
                0x0800dd20       0x28 ./Middlewares/Third_Party/FreeRTOS/Source/portable/GCC/ARM_CM4F/port.o
                0x0800dd20                SVC_Handler
 .text.prvPortStartFirstTask
                0x0800dd48       0x28 ./Middlewares/Third_Party/FreeRTOS/Source/portable/GCC/ARM_CM4F/port.o
 .text.xPortStartScheduler
                0x0800dd70      0x148 ./Middlewares/Third_Party/FreeRTOS/Source/portable/GCC/ARM_CM4F/port.o
                0x0800dd70                xPortStartScheduler
 .text.vPortEnterCritical
                0x0800deb8       0x64 ./Middlewares/Third_Party/FreeRTOS/Source/portable/GCC/ARM_CM4F/port.o
                0x0800deb8                vPortEnterCritical
 .text.vPortExitCritical
                0x0800df1c       0x54 ./Middlewares/Third_Party/FreeRTOS/Source/portable/GCC/ARM_CM4F/port.o
                0x0800df1c                vPortExitCritical
 .text.PendSV_Handler
                0x0800df70       0x68 ./Middlewares/Third_Party/FreeRTOS/Source/portable/GCC/ARM_CM4F/port.o
                0x0800df70                PendSV_Handler
 .text.xPortSysTickHandler
                0x0800dfd8       0x44 ./Middlewares/Third_Party/FreeRTOS/Source/portable/GCC/ARM_CM4F/port.o
                0x0800dfd8                xPortSysTickHandler
 .text.vPortSetupTimerInterrupt
                0x0800e01c       0x48 ./Middlewares/Third_Party/FreeRTOS/Source/portable/GCC/ARM_CM4F/port.o
                0x0800e01c                vPortSetupTimerInterrupt
 .text.vPortEnableVFP
                0x0800e064       0x14 ./Middlewares/Third_Party/FreeRTOS/Source/portable/GCC/ARM_CM4F/port.o
 .text.vPortValidateInterruptPriority
                0x0800e078       0x84 ./Middlewares/Third_Party/FreeRTOS/Source/portable/GCC/ARM_CM4F/port.o
                0x0800e078                vPortValidateInterruptPriority
 .text.pvPortMalloc
                0x0800e0fc      0x19c ./Middlewares/Third_Party/FreeRTOS/Source/portable/MemMang/heap_4.o
                0x0800e0fc                pvPortMalloc
 .text.vPortFree
                0x0800e298       0xc8 ./Middlewares/Third_Party/FreeRTOS/Source/portable/MemMang/heap_4.o
                0x0800e298                vPortFree
 .text.prvHeapInit
                0x0800e360       0xc4 ./Middlewares/Third_Party/FreeRTOS/Source/portable/MemMang/heap_4.o
 .text.prvInsertBlockIntoFreeList
                0x0800e424       0xb4 ./Middlewares/Third_Party/FreeRTOS/Source/portable/MemMang/heap_4.o
 .text.MX_USB_DEVICE_Init
                0x0800e4d8       0x60 ./USB_DEVICE/App/usb_device.o
                0x0800e4d8                MX_USB_DEVICE_Init
 .text.CDC_Init_FS
                0x0800e538       0x28 ./USB_DEVICE/App/usbd_cdc_if.o
 .text.CDC_DeInit_FS
                0x0800e560       0x10 ./USB_DEVICE/App/usbd_cdc_if.o
 .text.CDC_Control_FS
                0x0800e570       0xbc ./USB_DEVICE/App/usbd_cdc_if.o
 .text.CDC_Receive_FS
                0x0800e62c       0x3c ./USB_DEVICE/App/usbd_cdc_if.o
 .text.CDC_Transmit_FS
                0x0800e668       0x4c ./USB_DEVICE/App/usbd_cdc_if.o
                0x0800e668                CDC_Transmit_FS
 .text.CDC_TransmitCplt_FS
                0x0800e6b4       0x22 ./USB_DEVICE/App/usbd_cdc_if.o
 *fill*         0x0800e6d6        0x2 
 .text.USBD_FS_DeviceDescriptor
                0x0800e6d8       0x24 ./USB_DEVICE/App/usbd_desc.o
                0x0800e6d8                USBD_FS_DeviceDescriptor
 .text.USBD_FS_LangIDStrDescriptor
                0x0800e6fc       0x24 ./USB_DEVICE/App/usbd_desc.o
                0x0800e6fc                USBD_FS_LangIDStrDescriptor
 .text.USBD_FS_ProductStrDescriptor
                0x0800e720       0x3c ./USB_DEVICE/App/usbd_desc.o
                0x0800e720                USBD_FS_ProductStrDescriptor
 .text.USBD_FS_ManufacturerStrDescriptor
                0x0800e75c       0x28 ./USB_DEVICE/App/usbd_desc.o
                0x0800e75c                USBD_FS_ManufacturerStrDescriptor
 .text.USBD_FS_SerialStrDescriptor
                0x0800e784       0x24 ./USB_DEVICE/App/usbd_desc.o
                0x0800e784                USBD_FS_SerialStrDescriptor
 .text.USBD_FS_ConfigStrDescriptor
                0x0800e7a8       0x3c ./USB_DEVICE/App/usbd_desc.o
                0x0800e7a8                USBD_FS_ConfigStrDescriptor
 .text.USBD_FS_InterfaceStrDescriptor
                0x0800e7e4       0x3c ./USB_DEVICE/App/usbd_desc.o
                0x0800e7e4                USBD_FS_InterfaceStrDescriptor
 .text.Get_SerialNum
                0x0800e820       0x58 ./USB_DEVICE/App/usbd_desc.o
 .text.IntToUnicode
                0x0800e878       0x7e ./USB_DEVICE/App/usbd_desc.o
 *fill*         0x0800e8f6        0x2 
 .text.HAL_PCD_MspInit
                0x0800e8f8       0xa8 ./USB_DEVICE/Target/usbd_conf.o
                0x0800e8f8                HAL_PCD_MspInit
 .text.HAL_PCD_SetupStageCallback
                0x0800e9a0       0x24 ./USB_DEVICE/Target/usbd_conf.o
                0x0800e9a0                HAL_PCD_SetupStageCallback
 .text.HAL_PCD_DataOutStageCallback
                0x0800e9c4       0x36 ./USB_DEVICE/Target/usbd_conf.o
                0x0800e9c4                HAL_PCD_DataOutStageCallback
 .text.HAL_PCD_DataInStageCallback
                0x0800e9fa       0x34 ./USB_DEVICE/Target/usbd_conf.o
                0x0800e9fa                HAL_PCD_DataInStageCallback
 .text.HAL_PCD_SOFCallback
                0x0800ea2e       0x1c ./USB_DEVICE/Target/usbd_conf.o
                0x0800ea2e                HAL_PCD_SOFCallback
 .text.HAL_PCD_ResetCallback
                0x0800ea4a       0x3c ./USB_DEVICE/Target/usbd_conf.o
                0x0800ea4a                HAL_PCD_ResetCallback
 *fill*         0x0800ea86        0x2 
 .text.HAL_PCD_SuspendCallback
                0x0800ea88       0x4c ./USB_DEVICE/Target/usbd_conf.o
                0x0800ea88                HAL_PCD_SuspendCallback
 .text.HAL_PCD_ResumeCallback
                0x0800ead4       0x1c ./USB_DEVICE/Target/usbd_conf.o
                0x0800ead4                HAL_PCD_ResumeCallback
 .text.HAL_PCD_ISOOUTIncompleteCallback
                0x0800eaf0       0x24 ./USB_DEVICE/Target/usbd_conf.o
                0x0800eaf0                HAL_PCD_ISOOUTIncompleteCallback
 .text.HAL_PCD_ISOINIncompleteCallback
                0x0800eb14       0x24 ./USB_DEVICE/Target/usbd_conf.o
                0x0800eb14                HAL_PCD_ISOINIncompleteCallback
 .text.HAL_PCD_ConnectCallback
                0x0800eb38       0x1c ./USB_DEVICE/Target/usbd_conf.o
                0x0800eb38                HAL_PCD_ConnectCallback
 .text.HAL_PCD_DisconnectCallback
                0x0800eb54       0x1c ./USB_DEVICE/Target/usbd_conf.o
                0x0800eb54                HAL_PCD_DisconnectCallback
 .text.USBD_LL_Init
                0x0800eb70       0x98 ./USB_DEVICE/Target/usbd_conf.o
                0x0800eb70                USBD_LL_Init
 .text.USBD_LL_Start
                0x0800ec08       0x36 ./USB_DEVICE/Target/usbd_conf.o
                0x0800ec08                USBD_LL_Start
 .text.USBD_LL_OpenEP
                0x0800ec3e       0x4c ./USB_DEVICE/Target/usbd_conf.o
                0x0800ec3e                USBD_LL_OpenEP
 .text.USBD_LL_CloseEP
                0x0800ec8a       0x3e ./USB_DEVICE/Target/usbd_conf.o
                0x0800ec8a                USBD_LL_CloseEP
 .text.USBD_LL_StallEP
                0x0800ecc8       0x3e ./USB_DEVICE/Target/usbd_conf.o
                0x0800ecc8                USBD_LL_StallEP
 .text.USBD_LL_ClearStallEP
                0x0800ed06       0x3e ./USB_DEVICE/Target/usbd_conf.o
                0x0800ed06                USBD_LL_ClearStallEP
 .text.USBD_LL_IsStallEP
                0x0800ed44       0x58 ./USB_DEVICE/Target/usbd_conf.o
                0x0800ed44                USBD_LL_IsStallEP
 .text.USBD_LL_SetUSBAddress
                0x0800ed9c       0x3e ./USB_DEVICE/Target/usbd_conf.o
                0x0800ed9c                USBD_LL_SetUSBAddress
 .text.USBD_LL_Transmit
                0x0800edda       0x42 ./USB_DEVICE/Target/usbd_conf.o
                0x0800edda                USBD_LL_Transmit
 .text.USBD_LL_PrepareReceive
                0x0800ee1c       0x42 ./USB_DEVICE/Target/usbd_conf.o
                0x0800ee1c                USBD_LL_PrepareReceive
 .text.USBD_LL_GetRxDataSize
                0x0800ee5e       0x26 ./USB_DEVICE/Target/usbd_conf.o
                0x0800ee5e                USBD_LL_GetRxDataSize
 .text.USBD_static_malloc
                0x0800ee84       0x1c ./USB_DEVICE/Target/usbd_conf.o
                0x0800ee84                USBD_static_malloc
 .text.USBD_static_free
                0x0800eea0       0x14 ./USB_DEVICE/Target/usbd_conf.o
                0x0800eea0                USBD_static_free
 .text.USBD_Get_USB_Status
                0x0800eeb4       0x58 ./USB_DEVICE/Target/usbd_conf.o
                0x0800eeb4                USBD_Get_USB_Status
 .text.__cvt    0x0800ef0c       0xca C:/ST/STM32CubeIDE_1.16.1/STM32CubeIDE/plugins/com.st.stm32cube.ide.mcu.externaltools.gnu-tools-for-stm32.14.3.rel1.win32_1.0.100.202602081740/tools/bin/../lib/gcc/arm-none-eabi/14.3.1/../../../../arm-none-eabi/lib/thumb/v7e-m+fp/hard\libc_nano.a(libc_a-nano-vfprintf_float.o)
                0x0800ef0c                __cvt
 .text.__exponent
                0x0800efd6       0x74 C:/ST/STM32CubeIDE_1.16.1/STM32CubeIDE/plugins/com.st.stm32cube.ide.mcu.externaltools.gnu-tools-for-stm32.14.3.rel1.win32_1.0.100.202602081740/tools/bin/../lib/gcc/arm-none-eabi/14.3.1/../../../../arm-none-eabi/lib/thumb/v7e-m+fp/hard\libc_nano.a(libc_a-nano-vfprintf_float.o)
                0x0800efd6                __exponent
 *fill*         0x0800f04a        0x2 
 .text._printf_float
                0x0800f04c      0x450 C:/ST/STM32CubeIDE_1.16.1/STM32CubeIDE/plugins/com.st.stm32cube.ide.mcu.externaltools.gnu-tools-for-stm32.14.3.rel1.win32_1.0.100.202602081740/tools/bin/../lib/gcc/arm-none-eabi/14.3.1/../../../../arm-none-eabi/lib/thumb/v7e-m+fp/hard\libc_nano.a(libc_a-nano-vfprintf_float.o)
                0x0800f04c                _printf_float
 .text._printf_common
                0x0800f49c       0xda C:/ST/STM32CubeIDE_1.16.1/STM32CubeIDE/plugins/com.st.stm32cube.ide.mcu.externaltools.gnu-tools-for-stm32.14.3.rel1.win32_1.0.100.202602081740/tools/bin/../lib/gcc/arm-none-eabi/14.3.1/../../../../arm-none-eabi/lib/thumb/v7e-m+fp/hard\libc_nano.a(libc_a-nano-vfprintf_i.o)
                0x0800f49c                _printf_common
 *fill*         0x0800f576        0x2 
 .text._printf_i
                0x0800f578      0x24c C:/ST/STM32CubeIDE_1.16.1/STM32CubeIDE/plugins/com.st.stm32cube.ide.mcu.externaltools.gnu-tools-for-stm32.14.3.rel1.win32_1.0.100.202602081740/tools/bin/../lib/gcc/arm-none-eabi/14.3.1/../../../../arm-none-eabi/lib/thumb/v7e-m+fp/hard\libc_nano.a(libc_a-nano-vfprintf_i.o)
                0x0800f578                _printf_i
 .text.std      0x0800f7c4       0x6c C:/ST/STM32CubeIDE_1.16.1/STM32CubeIDE/plugins/com.st.stm32cube.ide.mcu.externaltools.gnu-tools-for-stm32.14.3.rel1.win32_1.0.100.202602081740/tools/bin/../lib/gcc/arm-none-eabi/14.3.1/../../../../arm-none-eabi/lib/thumb/v7e-m+fp/hard\libc_nano.a(libc_a-findfp.o)
 .text.stdio_exit_handler
                0x0800f830       0x18 C:/ST/STM32CubeIDE_1.16.1/STM32CubeIDE/plugins/com.st.stm32cube.ide.mcu.externaltools.gnu-tools-for-stm32.14.3.rel1.win32_1.0.100.202602081740/tools/bin/../lib/gcc/arm-none-eabi/14.3.1/../../../../arm-none-eabi/lib/thumb/v7e-m+fp/hard\libc_nano.a(libc_a-findfp.o)
 .text.cleanup_stdio
                0x0800f848       0x40 C:/ST/STM32CubeIDE_1.16.1/STM32CubeIDE/plugins/com.st.stm32cube.ide.mcu.externaltools.gnu-tools-for-stm32.14.3.rel1.win32_1.0.100.202602081740/tools/bin/../lib/gcc/arm-none-eabi/14.3.1/../../../../arm-none-eabi/lib/thumb/v7e-m+fp/hard\libc_nano.a(libc_a-findfp.o)
 .text.global_stdio_init.part.0
                0x0800f888       0x40 C:/ST/STM32CubeIDE_1.16.1/STM32CubeIDE/plugins/com.st.stm32cube.ide.mcu.externaltools.gnu-tools-for-stm32.14.3.rel1.win32_1.0.100.202602081740/tools/bin/../lib/gcc/arm-none-eabi/14.3.1/../../../../arm-none-eabi/lib/thumb/v7e-m+fp/hard\libc_nano.a(libc_a-findfp.o)
 .text.__sfp_lock_acquire
                0x0800f8c8        0xc C:/ST/STM32CubeIDE_1.16.1/STM32CubeIDE/plugins/com.st.stm32cube.ide.mcu.externaltools.gnu-tools-for-stm32.14.3.rel1.win32_1.0.100.202602081740/tools/bin/../lib/gcc/arm-none-eabi/14.3.1/../../../../arm-none-eabi/lib/thumb/v7e-m+fp/hard\libc_nano.a(libc_a-findfp.o)
                0x0800f8c8                __sfp_lock_acquire
 .text.__sfp_lock_release
                0x0800f8d4        0xc C:/ST/STM32CubeIDE_1.16.1/STM32CubeIDE/plugins/com.st.stm32cube.ide.mcu.externaltools.gnu-tools-for-stm32.14.3.rel1.win32_1.0.100.202602081740/tools/bin/../lib/gcc/arm-none-eabi/14.3.1/../../../../arm-none-eabi/lib/thumb/v7e-m+fp/hard\libc_nano.a(libc_a-findfp.o)
                0x0800f8d4                __sfp_lock_release
 .text.__sinit  0x0800f8e0       0x30 C:/ST/STM32CubeIDE_1.16.1/STM32CubeIDE/plugins/com.st.stm32cube.ide.mcu.externaltools.gnu-tools-for-stm32.14.3.rel1.win32_1.0.100.202602081740/tools/bin/../lib/gcc/arm-none-eabi/14.3.1/../../../../arm-none-eabi/lib/thumb/v7e-m+fp/hard\libc_nano.a(libc_a-findfp.o)
                0x0800f8e0                __sinit
 .text._fwalk_sglue
                0x0800f910       0x3c C:/ST/STM32CubeIDE_1.16.1/STM32CubeIDE/plugins/com.st.stm32cube.ide.mcu.externaltools.gnu-tools-for-stm32.14.3.rel1.win32_1.0.100.202602081740/tools/bin/../lib/gcc/arm-none-eabi/14.3.1/../../../../arm-none-eabi/lib/thumb/v7e-m+fp/hard\libc_nano.a(libc_a-fwalk.o)
                0x0800f910                _fwalk_sglue
 .text.__sread  0x0800f94c       0x22 C:/ST/STM32CubeIDE_1.16.1/STM32CubeIDE/plugins/com.st.stm32cube.ide.mcu.externaltools.gnu-tools-for-stm32.14.3.rel1.win32_1.0.100.202602081740/tools/bin/../lib/gcc/arm-none-eabi/14.3.1/../../../../arm-none-eabi/lib/thumb/v7e-m+fp/hard\libc_nano.a(libc_a-stdio.o)
                0x0800f94c                __sread
 .text.__swrite
                0x0800f96e       0x38 C:/ST/STM32CubeIDE_1.16.1/STM32CubeIDE/plugins/com.st.stm32cube.ide.mcu.externaltools.gnu-tools-for-stm32.14.3.rel1.win32_1.0.100.202602081740/tools/bin/../lib/gcc/arm-none-eabi/14.3.1/../../../../arm-none-eabi/lib/thumb/v7e-m+fp/hard\libc_nano.a(libc_a-stdio.o)
                0x0800f96e                __swrite
 .text.__sseek  0x0800f9a6       0x26 C:/ST/STM32CubeIDE_1.16.1/STM32CubeIDE/plugins/com.st.stm32cube.ide.mcu.externaltools.gnu-tools-for-stm32.14.3.rel1.win32_1.0.100.202602081740/tools/bin/../lib/gcc/arm-none-eabi/14.3.1/../../../../arm-none-eabi/lib/thumb/v7e-m+fp/hard\libc_nano.a(libc_a-stdio.o)
                0x0800f9a6                __sseek
 .text.__sclose
                0x0800f9cc        0x8 C:/ST/STM32CubeIDE_1.16.1/STM32CubeIDE/plugins/com.st.stm32cube.ide.mcu.externaltools.gnu-tools-for-stm32.14.3.rel1.win32_1.0.100.202602081740/tools/bin/../lib/gcc/arm-none-eabi/14.3.1/../../../../arm-none-eabi/lib/thumb/v7e-m+fp/hard\libc_nano.a(libc_a-stdio.o)
                0x0800f9cc                __sclose
 .text.memmove  0x0800f9d4       0x32 C:/ST/STM32CubeIDE_1.16.1/STM32CubeIDE/plugins/com.st.stm32cube.ide.mcu.externaltools.gnu-tools-for-stm32.14.3.rel1.win32_1.0.100.202602081740/tools/bin/../lib/gcc/arm-none-eabi/14.3.1/../../../../arm-none-eabi/lib/thumb/v7e-m+fp/hard\libc_nano.a(libc_a-memmove.o)
                0x0800f9d4                memmove
 .text.memset   0x0800fa06       0x10 C:/ST/STM32CubeIDE_1.16.1/STM32CubeIDE/plugins/com.st.stm32cube.ide.mcu.externaltools.gnu-tools-for-stm32.14.3.rel1.win32_1.0.100.202602081740/tools/bin/../lib/gcc/arm-none-eabi/14.3.1/../../../../arm-none-eabi/lib/thumb/v7e-m+fp/hard\libc_nano.a(libc_a-memset.o)
                0x0800fa06                memset
 *fill*         0x0800fa16        0x2 
 .text._localeconv_r
                0x0800fa18        0x8 C:/ST/STM32CubeIDE_1.16.1/STM32CubeIDE/plugins/com.st.stm32cube.ide.mcu.externaltools.gnu-tools-for-stm32.14.3.rel1.win32_1.0.100.202602081740/tools/bin/../lib/gcc/arm-none-eabi/14.3.1/../../../../arm-none-eabi/lib/thumb/v7e-m+fp/hard\libc_nano.a(libc_a-localeconv.o)
                0x0800fa18                _localeconv_r
 .text._close_r
                0x0800fa20       0x20 C:/ST/STM32CubeIDE_1.16.1/STM32CubeIDE/plugins/com.st.stm32cube.ide.mcu.externaltools.gnu-tools-for-stm32.14.3.rel1.win32_1.0.100.202602081740/tools/bin/../lib/gcc/arm-none-eabi/14.3.1/../../../../arm-none-eabi/lib/thumb/v7e-m+fp/hard\libc_nano.a(libc_a-closer.o)
                0x0800fa20                _close_r
 .text._reclaim_reent
                0x0800fa40       0xbc C:/ST/STM32CubeIDE_1.16.1/STM32CubeIDE/plugins/com.st.stm32cube.ide.mcu.externaltools.gnu-tools-for-stm32.14.3.rel1.win32_1.0.100.202602081740/tools/bin/../lib/gcc/arm-none-eabi/14.3.1/../../../../arm-none-eabi/lib/thumb/v7e-m+fp/hard\libc_nano.a(libc_a-reent.o)
                0x0800fa40                _reclaim_reent
 .text._lseek_r
                0x0800fafc       0x24 C:/ST/STM32CubeIDE_1.16.1/STM32CubeIDE/plugins/com.st.stm32cube.ide.mcu.externaltools.gnu-tools-for-stm32.14.3.rel1.win32_1.0.100.202602081740/tools/bin/../lib/gcc/arm-none-eabi/14.3.1/../../../../arm-none-eabi/lib/thumb/v7e-m+fp/hard\libc_nano.a(libc_a-lseekr.o)
                0x0800fafc                _lseek_r
 .text._read_r  0x0800fb20       0x24 C:/ST/STM32CubeIDE_1.16.1/STM32CubeIDE/plugins/com.st.stm32cube.ide.mcu.externaltools.gnu-tools-for-stm32.14.3.rel1.win32_1.0.100.202602081740/tools/bin/../lib/gcc/arm-none-eabi/14.3.1/../../../../arm-none-eabi/lib/thumb/v7e-m+fp/hard\libc_nano.a(libc_a-readr.o)
                0x0800fb20                _read_r
 .text._write_r
                0x0800fb44       0x24 C:/ST/STM32CubeIDE_1.16.1/STM32CubeIDE/plugins/com.st.stm32cube.ide.mcu.externaltools.gnu-tools-for-stm32.14.3.rel1.win32_1.0.100.202602081740/tools/bin/../lib/gcc/arm-none-eabi/14.3.1/../../../../arm-none-eabi/lib/thumb/v7e-m+fp/hard\libc_nano.a(libc_a-writer.o)
                0x0800fb44                _write_r
 .text.__errno  0x0800fb68        0xc C:/ST/STM32CubeIDE_1.16.1/STM32CubeIDE/plugins/com.st.stm32cube.ide.mcu.externaltools.gnu-tools-for-stm32.14.3.rel1.win32_1.0.100.202602081740/tools/bin/../lib/gcc/arm-none-eabi/14.3.1/../../../../arm-none-eabi/lib/thumb/v7e-m+fp/hard\libc_nano.a(libc_a-errno.o)
                0x0800fb68                __errno
 .text.__libc_init_array
                0x0800fb74       0x48 C:/ST/STM32CubeIDE_1.16.1/STM32CubeIDE/plugins/com.st.stm32cube.ide.mcu.externaltools.gnu-tools-for-stm32.14.3.rel1.win32_1.0.100.202602081740/tools/bin/../lib/gcc/arm-none-eabi/14.3.1/../../../../arm-none-eabi/lib/thumb/v7e-m+fp/hard\libc_nano.a(libc_a-init.o)
                0x0800fb74                __libc_init_array
 .text.__retarget_lock_init_recursive
                0x0800fbbc        0x2 C:/ST/STM32CubeIDE_1.16.1/STM32CubeIDE/plugins/com.st.stm32cube.ide.mcu.externaltools.gnu-tools-for-stm32.14.3.rel1.win32_1.0.100.202602081740/tools/bin/../lib/gcc/arm-none-eabi/14.3.1/../../../../arm-none-eabi/lib/thumb/v7e-m+fp/hard\libc_nano.a(libc_a-lock.o)
                0x0800fbbc                __retarget_lock_init_recursive
 .text.__retarget_lock_acquire_recursive
                0x0800fbbe        0x2 C:/ST/STM32CubeIDE_1.16.1/STM32CubeIDE/plugins/com.st.stm32cube.ide.mcu.externaltools.gnu-tools-for-stm32.14.3.rel1.win32_1.0.100.202602081740/tools/bin/../lib/gcc/arm-none-eabi/14.3.1/../../../../arm-none-eabi/lib/thumb/v7e-m+fp/hard\libc_nano.a(libc_a-lock.o)
                0x0800fbbe                __retarget_lock_acquire_recursive
 .text.__retarget_lock_release_recursive
                0x0800fbc0        0x2 C:/ST/STM32CubeIDE_1.16.1/STM32CubeIDE/plugins/com.st.stm32cube.ide.mcu.externaltools.gnu-tools-for-stm32.14.3.rel1.win32_1.0.100.202602081740/tools/bin/../lib/gcc/arm-none-eabi/14.3.1/../../../../arm-none-eabi/lib/thumb/v7e-m+fp/hard\libc_nano.a(libc_a-lock.o)
                0x0800fbc0                __retarget_lock_release_recursive
 .text.memcpy   0x0800fbc2       0x1c C:/ST/STM32CubeIDE_1.16.1/STM32CubeIDE/plugins/com.st.stm32cube.ide.mcu.externaltools.gnu-tools-for-stm32.14.3.rel1.win32_1.0.100.202602081740/tools/bin/../lib/gcc/arm-none-eabi/14.3.1/../../../../arm-none-eabi/lib/thumb/v7e-m+fp/hard\libc_nano.a(libc_a-memcpy-stub.o)
                0x0800fbc2                memcpy
 .text.quorem   0x0800fbde      0x110 C:/ST/STM32CubeIDE_1.16.1/STM32CubeIDE/plugins/com.st.stm32cube.ide.mcu.externaltools.gnu-tools-for-stm32.14.3.rel1.win32_1.0.100.202602081740/tools/bin/../lib/gcc/arm-none-eabi/14.3.1/../../../../arm-none-eabi/lib/thumb/v7e-m+fp/hard\libc_nano.a(libc_a-dtoa.o)
 *fill*         0x0800fcee        0x2 
 .text._dtoa_r  0x0800fcf0      0xbb8 C:/ST/STM32CubeIDE_1.16.1/STM32CubeIDE/plugins/com.st.stm32cube.ide.mcu.externaltools.gnu-tools-for-stm32.14.3.rel1.win32_1.0.100.202602081740/tools/bin/../lib/gcc/arm-none-eabi/14.3.1/../../../../arm-none-eabi/lib/thumb/v7e-m+fp/hard\libc_nano.a(libc_a-dtoa.o)
                0x0800fcf0                _dtoa_r
 .text._free_r  0x080108a8       0x94 C:/ST/STM32CubeIDE_1.16.1/STM32CubeIDE/plugins/com.st.stm32cube.ide.mcu.externaltools.gnu-tools-for-stm32.14.3.rel1.win32_1.0.100.202602081740/tools/bin/../lib/gcc/arm-none-eabi/14.3.1/../../../../arm-none-eabi/lib/thumb/v7e-m+fp/hard\libc_nano.a(libc_a-freer.o)
                0x080108a8                _free_r
 .text.malloc   0x0801093c       0x10 C:/ST/STM32CubeIDE_1.16.1/STM32CubeIDE/plugins/com.st.stm32cube.ide.mcu.externaltools.gnu-tools-for-stm32.14.3.rel1.win32_1.0.100.202602081740/tools/bin/../lib/gcc/arm-none-eabi/14.3.1/../../../../arm-none-eabi/lib/thumb/v7e-m+fp/hard\libc_nano.a(libc_a-malloc.o)
                0x0801093c                malloc
 .text.sbrk_aligned
                0x0801094c       0x44 C:/ST/STM32CubeIDE_1.16.1/STM32CubeIDE/plugins/com.st.stm32cube.ide.mcu.externaltools.gnu-tools-for-stm32.14.3.rel1.win32_1.0.100.202602081740/tools/bin/../lib/gcc/arm-none-eabi/14.3.1/../../../../arm-none-eabi/lib/thumb/v7e-m+fp/hard\libc_nano.a(libc_a-mallocr.o)
 .text._malloc_r
                0x08010990      0x100 C:/ST/STM32CubeIDE_1.16.1/STM32CubeIDE/plugins/com.st.stm32cube.ide.mcu.externaltools.gnu-tools-for-stm32.14.3.rel1.win32_1.0.100.202602081740/tools/bin/../lib/gcc/arm-none-eabi/14.3.1/../../../../arm-none-eabi/lib/thumb/v7e-m+fp/hard\libc_nano.a(libc_a-mallocr.o)
                0x08010990                _malloc_r
 .text.__malloc_lock
                0x08010a90        0xc C:/ST/STM32CubeIDE_1.16.1/STM32CubeIDE/plugins/com.st.stm32cube.ide.mcu.externaltools.gnu-tools-for-stm32.14.3.rel1.win32_1.0.100.202602081740/tools/bin/../lib/gcc/arm-none-eabi/14.3.1/../../../../arm-none-eabi/lib/thumb/v7e-m+fp/hard\libc_nano.a(libc_a-mlock.o)
                0x08010a90                __malloc_lock
 .text.__malloc_unlock
                0x08010a9c        0xc C:/ST/STM32CubeIDE_1.16.1/STM32CubeIDE/plugins/com.st.stm32cube.ide.mcu.externaltools.gnu-tools-for-stm32.14.3.rel1.win32_1.0.100.202602081740/tools/bin/../lib/gcc/arm-none-eabi/14.3.1/../../../../arm-none-eabi/lib/thumb/v7e-m+fp/hard\libc_nano.a(libc_a-mlock.o)
                0x08010a9c                __malloc_unlock
 .text._Balloc  0x08010aa8       0x7c C:/ST/STM32CubeIDE_1.16.1/STM32CubeIDE/plugins/com.st.stm32cube.ide.mcu.externaltools.gnu-tools-for-stm32.14.3.rel1.win32_1.0.100.202602081740/tools/bin/../lib/gcc/arm-none-eabi/14.3.1/../../../../arm-none-eabi/lib/thumb/v7e-m+fp/hard\libc_nano.a(libc_a-mprec.o)
                0x08010aa8                _Balloc
 .text._Bfree   0x08010b24       0x44 C:/ST/STM32CubeIDE_1.16.1/STM32CubeIDE/plugins/com.st.stm32cube.ide.mcu.externaltools.gnu-tools-for-stm32.14.3.rel1.win32_1.0.100.202602081740/tools/bin/../lib/gcc/arm-none-eabi/14.3.1/../../../../arm-none-eabi/lib/thumb/v7e-m+fp/hard\libc_nano.a(libc_a-mprec.o)
                0x08010b24                _Bfree
 .text.__multadd
                0x08010b68       0x8c C:/ST/STM32CubeIDE_1.16.1/STM32CubeIDE/plugins/com.st.stm32cube.ide.mcu.externaltools.gnu-tools-for-stm32.14.3.rel1.win32_1.0.100.202602081740/tools/bin/../lib/gcc/arm-none-eabi/14.3.1/../../../../arm-none-eabi/lib/thumb/v7e-m+fp/hard\libc_nano.a(libc_a-mprec.o)
                0x08010b68                __multadd
 .text.__hi0bits
                0x08010bf4       0x3e C:/ST/STM32CubeIDE_1.16.1/STM32CubeIDE/plugins/com.st.stm32cube.ide.mcu.externaltools.gnu-tools-for-stm32.14.3.rel1.win32_1.0.100.202602081740/tools/bin/../lib/gcc/arm-none-eabi/14.3.1/../../../../arm-none-eabi/lib/thumb/v7e-m+fp/hard\libc_nano.a(libc_a-mprec.o)
                0x08010bf4                __hi0bits
 .text.__lo0bits
                0x08010c32       0x5a C:/ST/STM32CubeIDE_1.16.1/STM32CubeIDE/plugins/com.st.stm32cube.ide.mcu.externaltools.gnu-tools-for-stm32.14.3.rel1.win32_1.0.100.202602081740/tools/bin/../lib/gcc/arm-none-eabi/14.3.1/../../../../arm-none-eabi/lib/thumb/v7e-m+fp/hard\libc_nano.a(libc_a-mprec.o)
                0x08010c32                __lo0bits
 .text.__i2b    0x08010c8c       0x2c C:/ST/STM32CubeIDE_1.16.1/STM32CubeIDE/plugins/com.st.stm32cube.ide.mcu.externaltools.gnu-tools-for-stm32.14.3.rel1.win32_1.0.100.202602081740/tools/bin/../lib/gcc/arm-none-eabi/14.3.1/../../../../arm-none-eabi/lib/thumb/v7e-m+fp/hard\libc_nano.a(libc_a-mprec.o)
                0x08010c8c                __i2b
 .text.__multiply
                0x08010cb8      0x154 C:/ST/STM32CubeIDE_1.16.1/STM32CubeIDE/plugins/com.st.stm32cube.ide.mcu.externaltools.gnu-tools-for-stm32.14.3.rel1.win32_1.0.100.202602081740/tools/bin/../lib/gcc/arm-none-eabi/14.3.1/../../../../arm-none-eabi/lib/thumb/v7e-m+fp/hard\libc_nano.a(libc_a-mprec.o)
                0x08010cb8                __multiply
 .text.__pow5mult
                0x08010e0c       0xb8 C:/ST/STM32CubeIDE_1.16.1/STM32CubeIDE/plugins/com.st.stm32cube.ide.mcu.externaltools.gnu-tools-for-stm32.14.3.rel1.win32_1.0.100.202602081740/tools/bin/../lib/gcc/arm-none-eabi/14.3.1/../../../../arm-none-eabi/lib/thumb/v7e-m+fp/hard\libc_nano.a(libc_a-mprec.o)