../Core/Src/nRF24L01.c:41:13:set_ce	16	static
../Core/Src/nRF24L01.c:46:13:set_csn	16	static
../Core/Src/nRF24L01.c:51:23:spi_exchange	40	static
../Core/Src/nRF24L01.c:67:23:execute_command	32	static
../Core/Src/nRF24L01.c:95:16:NRF24_ReadRegister	32	static
../Core/Src/nRF24L01.c:104:16:NRF24_WriteRegister	24	static
../Core/Src/nRF24L01.c:113:16:NRF24_ReadBuffer	32	static
../Core/Src/nRF24L01.c:123:16:NRF24_WriteBuffer	32	static
../Core/Src/nRF24L01.c:133:16:NRF24_FlushTx	24	static
../Core/Src/nRF24L01.c:141:16:NRF24_FlushRx	24	static
../Core/Src/nRF24L01.c:149:16:NRF24_ClearIrqFlags	16	static
../Core/Src/nRF24L01.c:155:16:NRF24_SetChannel	24	static
../Core/Src/nRF24L01.c:168:16:NRF24_SetAddressWidth	24	static
../Core/Src/nRF24L01.c:181:16:NRF24_SetPower	24	static
../Core/Src/nRF24L01.c:196:16:NRF24_SetDataRate	24	static
../Core/Src/nRF24L01.c:216:16:NRF24_SetTxAddress	16	static
../Core/Src/nRF24L01.c:224:16:NRF24_SetRxAddress	24	static
../Core/Src/nRF24L01.c:237:23:enable_dynamic_payload	32	static
../Core/Src/nRF24L01.c:269:16:NRF24_Init	32	static
../Core/Src/nRF24L01.c:334:16:NRF24_StartListening	24	static
../Core/Src/nRF24L01.c:354:16:NRF24_StopListening	24	static
../Core/Src/nRF24L01.c:372:6:NRF24_DataAvailable	24	static
../Core/Src/nRF24L01.c:392:16:NRF24_Send	48	static
../Core/Src/nRF24L01.c:439:16:NRF24_Receive	40	static
../Core/Src/nRF24L01.c:475:13:NRF24_StatusToString	16	static
