../Core/Src/SecureProtocol.c:10:13:put_u32_be	16	static
../Core/Src/SecureProtocol.c:18:17:get_u32_be	16	static
../Core/Src/SecureProtocol.c:26:29:find_peer	24	static
../Core/Src/SecureProtocol.c:39:31:derive_directional_keys	40	static
../Core/Src/SecureProtocol.c:58:24:SecureProtocol_Init	24	static
../Core/Src/SecureProtocol.c:75:24:SecureProtocol_AddPeer	32	static
../Core/Src/SecureProtocol.c:102:24:SecureProtocol_SeedPeerRxState	32	static
../Core/Src/SecureProtocol.c:122:6:SecureProtocol_BuildNonce	24	static
../Core/Src/SecureProtocol.c:142:24:SecureProtocol_SerializeFrame	32	static
../Core/Src/SecureProtocol.c:184:24:SecureProtocol_DeserializeFrame	32	static
../Core/Src/SecureProtocol.c:227:24:SecureProtocol_CreateFrame	168	static
../Core/Src/SecureProtocol.c:326:24:SecureProtocol_ProcessFrame	152	static
../Core/Src/SecureProtocol.c:447:24:SecureProtocol_GenerateSessionId	64	static
../Core/Src/SecureProtocol.c:480:10:SecureProtocol_GetSessionGeneration	16	static
../Core/Src/SecureProtocol.c:485:13:SecureProtocol_StatusToString	16	static
